******************************************************************************
                  TI ARM Linker PC v20.2.4                     
******************************************************************************
>> Linked Mon Jan 25 01:42:13 2021

OUTPUT FILE NAME:   <tcp_client_v4.out>
ENTRY POINT SYMBOL: "_c_int00"  address: 0000edf5


MEMORY CONFIGURATION

         name            origin    length      used     unused   attr    fill
----------------------  --------  ---------  --------  --------  ----  --------
  FLASH                 00000000   00100000  00015d99  000ea267  R  X
  SRAM                  20000000   00040000  0001b1c4  00024e3c  RW X


SEGMENT ALLOCATION MAP

run origin  load origin   length   init length attrs members
----------  ----------- ---------- ----------- ----- -------
00000000    00000000    00015da0   00015da0    r-x
  00000000    00000000    0000003c   0000003c    r-- .resetVecs
  00000040    00000040    000133ba   000133ba    r-x .text
  000133fc    000133fc    0000259b   0000259b    r-- .const
  00015998    00015998    00000408   00000408    r-- .cinit
20000000    20000000    00000360   00000000    rw-
  20000000    20000000    00000360   00000000    rw- .vecs
20000380    20000380    0001ae68   00000000    rw-
  20000380    20000380    00019d30   00000000    rw- .bss
  2001a0b0    2001a0b0    00000934   00000000    rw- .data
  2001a9e8    2001a9e8    00000800   00000000    rw- .stack


SECTION ALLOCATION MAP

 output                                  attributes/
section   page    origin      length       input sections
--------  ----  ----------  ----------   ----------------
.text      0    00000040    000133ba     
                  00000040    00000c68     stk.aem4f : tcpin.oem4f (.text:TcpInput)
                  00000ca8    00000a4e     rtsv7M4_T_le_v4SPD16_eabi.lib : _printfi.c.obj (.text:__TI_printfi)
                  000016f6    00000002     hal_userled_stub.aem4f : llled.oem4f (.text:LED_TOGGLE)
                  000016f8    000008b8     stk.aem4f : tcpout.oem4f (.text:TcpOutput)
                  00001fb0    00000430     sysbios.aem4f : BIOS.obj (.text:ti_sysbios_family_arm_m3_Hwi_excDumpRegs__I)
                  000023e0    00000408     stk.aem4f : ipout.oem4f (.text:IPTxPacket)
                  000027e8    00000384               : ipin.oem4f (.text:IPRxPacket)
                  00002b6c    0000034c     ti.targets.arm.rtsarm.aem4f : System.oem4f (.text:xdc_runtime_System_doPrint__I)
                  00002eb8    000002a0     rtsv7M4_T_le_v4SPD16_eabi.lib : mktime.c.obj (.text:__mktime32)
                  00003158    00000284     stk.aem4f : sock.oem4f (.text:SockSet)
                  000033dc    00000270     rtsv7M4_T_le_v4SPD16_eabi.lib : _printfi.c.obj (.text:_pconv_a)
                  0000364c    0000024c     stk.aem4f : ipfrag.oem4f (.text:IPReasm)
                  00003898    0000023c               : icmpin.oem4f (.text:ICMPInput)
                  00003ad4    00000238               : udp.oem4f (.text:UdpInput)
                  00003d0c    00000204     Boot.aem4f : Boot_sysctl.oem4f (.text:ti_catalog_arm_cortexm4_tiva_ce_Boot_sysCtlClockFreqSetI__I)
                  00003f10    000001f4     stk.aem4f : sock.oem4f (.text:SockRecv)
                  00004104    00000004               : bind.oem4f (.text:BindGetIF)
                  00004108    000001f4     sysbios.aem4f : BIOS.obj (.text:ti_sysbios_family_arm_m3_Hwi_excHandlerMax__I)
                  000042fc    000001d0     rtsv7M4_T_le_v4SPD16_eabi.lib : _printfi.c.obj (.text:_pconv_g)
                  000044cc    000001c0     httpget.obj (.text:Rec2Server)
                  0000468c    000001b8     drivers_tivaware.aem4f : EMACSnow.oem4f (.text:EMACSnow_NIMUInit)
                  00004844    000001b6     rtsv7M4_T_le_v4SPD16_eabi.lib : fd_add_t2.asm.obj (.text)
                  000049fa    00000002     stk.aem4f : nat.oem4f (.text:NatMsg)
                  000049fc    000001b0               : lliout.oem4f (.text:LLITxIpPacket)
                  00004bac    000001ac               : lliin.oem4f (.text:LLIRxPacket)
                  00004d58    0000019c     os.aem4f : mem.oem4f (.text:mmAlloc)
                  00004ef4    00000198     stk.aem4f : igmp.oem4f (.text:IGMPInput)
                  0000508c    00000190               : sock.oem4f (.text:SockNew)
                  0000521c    00000174     netctrl_min_ipv4.aem4f : netctrl.oem4f (.text:NC_NetStart)
                  00005390    00000174     sysbios.aem4f : BIOS.obj (.text:ti_sysbios_family_arm_m3_Hwi_excBusFault__I)
                  00005504    00000170     stk.aem4f : rtc.oem4f (.text:RTCReport)
                  00005674    0000016a               : sb.oem4f (.text:SBRead)
                  000057de    00000002     os.aem4f : task.oem4f (.text:_TaskInit)
                  000057e0    00000164     sysbios.aem4f : BIOS.obj (.text:ti_sysbios_family_arm_m3_Hwi_excUsageFault__I)
                  00005944    00000160     stk.aem4f : sock.oem4f (.text:SockConnect)
                  00005aa4    00000158     nettool_ipv4.aem4f : dhcpmain.oem4f (.text:DHCPOpen)
                  00005bfc    00000004     stk.aem4f : bind.oem4f (.text:BindGetNext)
                  00005c00    00000154     sysbios.aem4f : BIOS.obj (.text:ti_sysbios_knl_Semaphore_pend__E)
                  00005d54    00000150     drivers_tivaware.aem4f : GPIOTiva.oem4f (.text:GPIO_setConfig)
                  00005ea4    00000004     os.aem4f : ossys.oem4f (.text:NDK_vsprintf)
                  00005ea8    00000150     sysbios.aem4f : BIOS.obj (.text:ti_sysbios_knl_Task_Instance_finalize__E)
                  00005ff8    00000148                   : BIOS.obj (.text:ti_sysbios_family_arm_m3_Hwi_excMemFault__I)
                  00006140    00000144     stk.aem4f : bind.oem4f (.text:BindNew)
                  00006284    00000140               : tcp.oem4f (.text:TcpTimeoutCheck)
                  000063c4    0000013c     nettool_ipv4.aem4f : config.oem4f (.text:CfgAddEntry)
                  00006500    0000013c     stk.aem4f : sockint.oem4f (.text:SockNotify)
                  0000663c    0000013c               : sock.oem4f (.text:SockSend)
                  00006778    0000013c     rtsv7M4_T_le_v4SPD16_eabi.lib : _printfi.c.obj (.text:_pconv_e)
                  000068b4    00000136                                   : fd_div_t2.asm.obj (.text)
                  000069ea    00000002     os.aem4f : task.oem4f (.text:_TaskShutdown)
                  000069ec    00000134     stk.aem4f : icmp.oem4f (.text:ICMPGenPacket)
                  00006b20    00000134     rtsv7M4_T_le_v4SPD16_eabi.lib : localtim.c.obj (.text:__localtime32)
                  00006c54    00000131     httpget.obj (.text:sendData2Server)
                  00006d85    00000001     --HOLE-- [fill = 0]
                  00006d86    00000130     driverlib.lib : gpio.obj (.text:GPIOPadConfigSet)
                  00006eb6    00000002     hal_ser_stub.aem4f : llserstb.oem4f (.text:_llSerialServiceCheck)
                  00006eb8    0000012c     EK_TM4C1294XL.obj (.text:EK_TM4C1294XL_initEMAC)
                  00006fe4    00000124     stk.aem4f : sockpcb.oem4f (.text:SockPcbResolve)
                  00007108    00000124               : udp.oem4f (.text:UdpOutput)
                  0000722c    00000124     rtsv7M4_T_le_v4SPD16_eabi.lib : _printfi.c.obj (.text:fcvt)
                  00007350    00000120     httpget_pem4f.oem4f (.text:ti_ndk_config_Global_stackThread)
                  00007470    00000118     stk.aem4f : tcpout.oem4f (.text:TcpGenPacket)
                  00007588    00000118     ti.targets.arm.rtsarm.aem4f : Error.oem4f (.text:xdc_runtime_Error_policyDefault__E)
                  000076a0    00000114     stk.aem4f : nimu.oem4f (.text:NIMUIoctl)
                  000077b4    00000110               : node.oem4f (.text:NodeTreeFree)
                  000078c4    00000110               : raw.oem4f (.text:RawInput)
                  000079d4    00000110     rtsv7M4_T_le_v4SPD16_eabi.lib : s_scalbn.c.obj (.text:scalbn)
                  00007ae4    0000010c     stk.aem4f : rtable.oem4f (.text:RtFind)
                  00007bf0    0000010a               : route.oem4f (.text:RtCreate)
                  00007cfa    00000002     hal_ser_stub.aem4f : llserstb.oem4f (.text:_llSerialShutdown)
                  00007cfc    00000108     drivers_tivaware.aem4f : EMACSnow.oem4f (.text:EMACSnow_emacStart)
                  00007e04    00000004     stk.aem4f : node.oem4f (.text:NodeSetRt)
                  00007e08    00000108     sysbios.aem4f : BIOS.obj (.text:ti_sysbios_family_arm_lm4_Timer_start__E)
                  00007f10    00000104     os.aem4f : task.oem4f (.text:llEnter)
                  00008014    00000102     nettool_ipv4.aem4f : dhcppkt.oem4f (.text:dhcpPacketProcess)
                  00008116    00000102                        : inetaddr.oem4f (.text:inet_aton)
                  00008218    00000100     stk.aem4f : igmp.oem4f (.text:IGMPSendReply)
                  00008318    00000100     ti.targets.arm.rtsarm.aem4f : Core-mem.oem4f (.text:xdc_runtime_Core_createObject__I)
                  00008418    000000fc     netctrl_min_ipv4.aem4f : netctrl.oem4f (.text:NetScheduler)
                  00008514    000000fc     rtsv7M4_T_le_v4SPD16_eabi.lib : fd_mul_t2.asm.obj (.text)
                  00008610    000000f8     stk.aem4f : pipe.oem4f (.text:PipeRecv)
                  00008708    000000f8     ti.targets.arm.rtsarm.aem4f : Startup.oem4f (.text:xdc_runtime_Startup_startMods__I)
                  00008800    000000f8     httpget_pem4f.oem4f (.text:xdc_runtime_System_printfExtend__I)
                  000088f8    000000f4     os.aem4f : task.oem4f (.text:TaskGetEnv)
                  000089ec    000000f4     sysbios.aem4f : m3_Hwi_asm.obj (.text:ti_sysbios_family_arm_m3_Hwi_dispatch__I)
                  00008ae0    000000f4                   : BIOS.obj (.text:ti_sysbios_knl_Task_Instance_init__E)
                  00008bd4    000000f0     stk.aem4f : lliout.oem4f (.text:LLIGenArpPacket)
                  00008cc4    000000f0               : sock.oem4f (.text:SockClose)
                  00008db4    00000004               : rawethsock_prot.oem4f (.text:RawEthSockPrAttach)
                  00008db8    000000ec     sysbios.aem4f : BIOS.obj (.text:ti_sysbios_knl_Task_postInit__I)
                  00008ea4    000000e8     os.aem4f : task.oem4f (.text:TaskSetEnv)
                  00008f8c    000000e0     stk.aem4f : tcptime.oem4f (.text:TcpTimeoutRexmt)
                  0000906c    000000dc               : sb.oem4f (.text:SBWrite)
                  00009148    000000dc     nettool_ipv4.aem4f : dhcpsock.oem4f (.text:dhcpSocketOpen)
                  00009224    000000dc                        : dhcpsm.oem4f (.text:dhcpState)
                  00009300    000000d8     stk.aem4f : node.oem4f (.text:NodeAdd)
                  000093d8    000000d8               : tcpprot.oem4f (.text:TcpPrSetOption)
                  000094b0    000000d4     drivers_tivaware.aem4f : EMACSnow.oem4f (.text:EMACSnow_handleRx)
                  00009584    000000d4     stk.aem4f : sockpcb.oem4f (.text:SockPcbBind)
                  00009658    000000d4     sysbios.aem4f : BIOS.obj (.text:ti_sysbios_heaps_HeapMem_alloc__E)
                  0000972c    000000d1     stk.aem4f : nimu.oem4f (.text:NIMUReceivePacket)
                  000097fd    00000001     --HOLE-- [fill = 0]
                  000097fe    00000002     hal_userled_stub.aem4f : llled.oem4f (.text:_llUserLedInit)
                  00009800    000000cc     stk.aem4f : icmp.oem4f (.text:ICMPSendRtAdv)
                  000098cc    000000cc     nettool_ipv4.aem4f : dhcpbild.oem4f (.text:dhcpBuildHeader)
                  00009998    000000cc                        : dhcpsm.oem4f (.text:dhcpIPAdd)
                  00009a64    000000cc                        : dhcppkt.oem4f (.text:dhcpVerifyMessage)
                  00009b30    000000cc     ti.targets.arm.rtsarm.aem4f : Core-smem.oem4f (.text:xdc_runtime_Core_constructObject__I)
                  00009bfc    000000c8     stk.aem4f : rawethsock.oem4f (.text:RawEthSockNew)
                  00009cc4    000000c8     netctrl_min_ipv4.aem4f : netsrv.oem4f (.text:SPIpNet)
                  00009d8c    00000004     stk.aem4f : rawethsock_prot.oem4f (.text:RawEthSockPrDetach)
                  00009d90    000000c8     sysbios.aem4f : BIOS.obj (.text:ti_sysbios_knl_Task_sleep__E)
                  00009e58    000000c4     drivers_tivaware.aem4f : EMACSnow.oem4f (.text:EMACSnow_InitDMADescriptors)
                  00009f1c    000000c4     stk.aem4f : igmp.oem4f (.text:IGMPJoinHostGroup)
                  00009fe0    000000c4     nettool_ipv4.aem4f : dhcpsm.oem4f (.text:StateBound)
                  0000a0a4    000000bc     stk.aem4f : sockpcb.oem4f (.text:SockPcbFind)
                  0000a160    000000bc               : vlan.oem4f (.text:VLANDeinit)
                  0000a21c    00000004     os.aem4f : semaphore.oem4f (.text:SemPend)
                  0000a220    000000bc     sysbios.aem4f : BIOS.obj (.text:ti_sysbios_family_arm_m3_Hwi_excDebugMon__I)
                  0000a2dc    00000004     os.aem4f : semaphore.oem4f (.text:SemPost)
                  0000a2e0    000000bc     sysbios.aem4f : BIOS.obj (.text:ti_sysbios_family_arm_m3_Hwi_excHardFault__I)
                  0000a39c    00000004     os.aem4f : semaphore.oem4f (.text:SemReset)
                  0000a3a0    000000bc     sysbios.aem4f : BIOS.obj (.text:ti_sysbios_knl_Task_exit__E)
                  0000a45c    000000b8     EK_TM4C1294XL.obj (.text:EK_TM4C1294XL_initGeneral)
                  0000a514    000000b8     stk.aem4f : icmpin.oem4f (.text:ICMPRevSrcRoute)
                  0000a5cc    000000b8               : lli.oem4f (.text:_LLITimeoutCheck)
                  0000a684    000000b8     httpget.obj (.text:setTimeStr)
                  0000a73c    000000b4     stk.aem4f : tcptime.oem4f (.text:TcpTimeoutKeep)
                  0000a7f0    000000b4     sysbios.aem4f : BIOS.obj (.text:ti_sysbios_knl_Task_checkStacks__E)
                  0000a8a4    000000b1     rtsv7M4_T_le_v4SPD16_eabi.lib : _printfi.c.obj (.text:_ltostr)
                  0000a955    00000001     --HOLE-- [fill = 0]
                  0000a956    000000b0     stk.aem4f : rawethsock.oem4f (.text:RawEthSockSet)
                  0000aa06    00000002     hal_userled_stub.aem4f : llled.oem4f (.text:_llUserLedShutdown)
                  0000aa08    000000ac     stk.aem4f : rtable.oem4f (.text:RtTimeoutCheck)
                  0000aab4    00000004     os.aem4f : task.oem4f (.text:TaskSelf)
                  0000aab8    000000ac     sysbios.aem4f : BIOS.obj (.text:ti_sysbios_family_arm_lm4_Timer_enableTiva__I)
                  0000ab64    000000a8     stk.aem4f : sockint.oem4f (.text:SockCreatePacket)
                  0000ac0c    00000004     os.aem4f : task.oem4f (.text:TaskSetPri)
                  0000ac10    000000a4     sysbios.aem4f : BIOS.obj (.text:ti_sysbios_knl_Task_setPri__E)
                  0000acb4    000000a0     stk.aem4f : ip.oem4f (.text:IPGetRoute)
                  0000ad54    000000a0     auto_init.aem4f : auto_init.oem4f (.text)
                  0000adf4    000000a0     ti.targets.arm.rtsarm.aem4f : Text.oem4f (.text:xdc_runtime_Text_putMod__E)
                  0000ae94    0000009e     stk.aem4f : nimu.oem4f (.text:NIMUAddEthernetHeader)
                  0000af32    0000009e     nettool_ipv4.aem4f : dhcpbild.oem4f (.text:dhcpBuildRequest)
                  0000afd0    0000009e     httpget.obj (.text:main)
                  0000b06e    00000002     rtsv7M4_T_le_v4SPD16_eabi.lib : _lock.c.obj (.text:_nop)
                  0000b070    0000009c     stk.aem4f : exec.oem4f (.text:ExecOpen)
                  0000b10c    0000009c     rtsv7M4_T_le_v4SPD16_eabi.lib : memcpy_t2.asm.obj (.text)
                  0000b1a8    0000009a     ti.targets.arm.rtsarm.aem4f : Text.oem4f (.text:xdc_runtime_Text_putSite__E)
                  0000b242    00000002     hal_ser_stub.aem4f : llserstb.oem4f (.text:llSerialService)
                  0000b244    00000098     netctrl_min_ipv4.aem4f : netctrl.oem4f (.text:NC_SystemOpen)
                  0000b2dc    00000098                            : netsrv.oem4f (.text:ServiceScan)
                  0000b374    00000098     Boot.aem4f : Boot.oem4f (.text:ti_catalog_arm_cortexm4_tiva_ce_Boot_sysCtlClockFreqSet__E)
                  0000b40c    00000004     hal_ser_stub.aem4f : llserstb.oem4f (.text:_llSerialInit)
                  0000b410    00000098     sysbios.aem4f : BIOS.obj (.text:ti_sysbios_knl_Task_schedule__I)
                  0000b4a8    00000096     rtsv7M4_T_le_v4SPD16_eabi.lib : ull_div_t2.asm.obj (.text)
                  0000b53e    00000002                                   : div0.asm.obj (.text)
                  0000b540    00000094     nettool_ipv4.aem4f : config.oem4f (.text:CfgRemoveEntry)
                  0000b5d4    00000004     rtsv7M4_T_le_v4SPD16_eabi.lib : exit.c.obj (.text:abort:abort)
                  0000b5d8    00000094     sysbios.aem4f : BIOS.obj (.text:ti_sysbios_family_arm_m3_Hwi_Instance_init__E)
                  0000b66c    00000004     stk.aem4f : listlib.oem4f (.text:list_get_head)
                  0000b670    00000094     sysbios.aem4f : BIOS.obj (.text:ti_sysbios_family_arm_m3_Hwi_initNVIC__E)
                  0000b704    00000090     nettool_ipv4.aem4f : config.oem4f (.text:CfgExecute)
                  0000b794    00000090     stk.aem4f : igmp.oem4f (.text:IGMPMsg)
                  0000b824    00000090     os.aem4f : mem.oem4f (.text:mmBulkAlloc)
                  0000b8b4    00000090     httpget.obj (.text:swi1func)
                  0000b944    00000004     stk.aem4f : listlib.oem4f (.text:list_get_next)
                  0000b948    00000090     sysbios.aem4f : BIOS.obj (.text:ti_sysbios_knl_Task_Module_startup__E)
                  0000b9d8    00000090                   : BIOS.obj (.text:ti_sysbios_knl_Task_startCore__E)
                  0000ba68    0000008c     drivers_tivaware.aem4f : GPIOTiva.oem4f (.text:GPIO_init)
                  0000baf4    0000008c     stk.aem4f : ip.oem4f (.text:IPMsg)
                  0000bb80    0000008c     os.aem4f : mem.oem4f (.text:_mmInit)
                  0000bc0c    0000008c     httpget.obj (.text:createTasks)
                  0000bc98    0000008c     os.aem4f : mem.oem4f (.text:mmInitPage)
                  0000bd24    0000008c     sysbios.aem4f : m3_TaskSupport_asm.obj (.text:ti_sysbios_family_arm_m3_TaskSupport_buildTaskStack)
                  0000bdb0    0000008a     netctrl_min_ipv4.aem4f : netsrv.oem4f (.text:SPRoute)
                  0000be3a    00000002     httpget_pem4f.oem4f (.text:ti_ndk_config_Global_NetworkClose)
                  0000be3c    00000088     netctrl_min_ipv4.aem4f : netsrv.oem4f (.text:ServiceSpawn)
                  0000bec4    00000088     stk.aem4f : sockpcb.oem4f (.text:SockPcbCtlError)
                  0000bf4c    00000088     httpget.obj (.text:clientSocketTask)
                  0000bfd4    00000087     httpget_pem4f.oem4f (.text:ti_ndk_config_Global_NetworkIPAddr)
                  0000c05b    00000001     --HOLE-- [fill = 0]
                  0000c05c    00000086     nettool_ipv4.aem4f : dhcpsm.oem4f (.text:StateRequesting)
                  0000c0e2    00000086     rtsv7M4_T_le_v4SPD16_eabi.lib : fd_cmp_t2.asm.obj (.text:__aeabi_cdcmple)
                  0000c168    00000086                                   : fd_cmp_t2.asm.obj (.text:__aeabi_cdrcmple)
                  0000c1ee    00000002     httpget_pem4f.oem4f (.text:ti_ndk_config_Global_NetworkOpen)
                  0000c1f0    00000084     nettool_ipv4.aem4f : config.oem4f (.text:CfgGetEntry)
                  0000c274    00000084     drivers_tivaware.aem4f : EMACSnow.oem4f (.text:EMACSnow_processPhyInterrupt)
                  0000c2f8    00000084     stk.aem4f : tcpprot.oem4f (.text:TcpPrAttach)
                  0000c37c    00000084     os.aem4f : mem.oem4f (.text:mmBulkFree)
                  0000c400    00000084              : mem.oem4f (.text:mmFree)
                  0000c484    00000004     httpget_pem4f.oem4f (.text:ti_sysbios_BIOS_RtsGateProxy_enter__E)
                  0000c488    00000084     sysbios.aem4f : BIOS.obj (.text:ti_sysbios_family_arm_m3_Hwi_postInit__I)
                  0000c50c    00000082     nettool_ipv4.aem4f : dhcpsm.oem4f (.text:StateRenewRebind)
                  0000c58e    00000002     httpget_pem4f.oem4f (.text:ti_sysbios_BIOS_nullFunc__I)
                  0000c590    00000080     drivers_tivaware.aem4f : EMACSnow.oem4f (.text:EMACSnow_emacStop)
                  0000c610    00000080                            : EMACSnow.oem4f (.text:EMACSnow_processPendingTx)
                  0000c690    00000080     stk.aem4f : lli.oem4f (.text:LLINew)
                  0000c710    00000080     netctrl_min_ipv4.aem4f : netsrv.oem4f (.text:NS_BootTask)
                  0000c790    00000080     stk.aem4f : pbm.oem4f (.text:PBM_alloc)
                  0000c810    00000080               : raw.oem4f (.text:RawOutput)
                  0000c890    0000007e               : fileuser.oem4f (.text:fdClose)
                  0000c90e    00000002     httpget_pem4f.oem4f (.text:xdc_runtime_Startup_reset__I)
                  0000c910    0000007c     nettool_ipv4.aem4f : config.oem4f (.text:CfgGetNextEntry)
                  0000c98c    0000007c     drivers_tivaware.aem4f : EMACSnow.oem4f (.text:EMACSnow_hwiIntFxn)
                  0000ca08    0000007c     stk.aem4f : igmp.oem4f (.text:IGMPDoMCast)
                  0000ca84    0000007c               : igmp.oem4f (.text:IGMPJoin)
                  0000cb00    0000007c               : socket.oem4f (.text:NDK_setsockopt)
                  0000cb7c    0000007c               : nimu.oem4f (.text:NIMURegister)
                  0000cbf8    0000007c               : pbm.oem4f (.text:PBM_free)
                  0000cc74    0000007c     nettool_ipv4.aem4f : inetaddr.oem4f (.text:inet_pton)
                  0000ccf0    0000007c     sysbios.aem4f : BIOS.obj (.text:ti_sysbios_heaps_HeapMem_free__E)
                  0000cd6c    0000007a     rtsv7M4_T_le_v4SPD16_eabi.lib : memset_t2.asm.obj (.text)
                  0000cde6    00000002     --HOLE-- [fill = 0]
                  0000cde8    00000078     driverlib.lib : emac.obj (.text:EMACInit)
                  0000ce60    00000078     stk.aem4f : socket.oem4f (.text:NDK_sendto)
                  0000ced8    00000078               : tcptime.oem4f (.text:TcpXmitTimer)
                  0000cf50    00000078               : fileuser.oem4f (.text:fdOpenSession)
                  0000cfc8    00000078     os.aem4f : task.oem4f (.text:llExit)
                  0000d040    00000076     stk.aem4f : pipe.oem4f (.text:PipeSend)
                  0000d0b6    00000002     --HOLE-- [fill = 0]
                  0000d0b8    00000075               : tcptime.oem4f (.text:TcpTimeoutSackRexmt)
                  0000d12d    00000003     --HOLE-- [fill = 0]
                  0000d130    00000074               : igmp.oem4f (.text:IGMPLeaveHostGroup)
                  0000d1a4    00000074               : nimu.oem4f (.text:NIMUShutdown)
                  0000d218    00000074               : raweth.oem4f (.text:RawEthRxPacket)
                  0000d28c    00000074               : sockpcb.oem4f (.text:SockPcbConnect)
                  0000d300    00000072     os.aem4f : semaphore.oem4f (.text:SemCreateBinary)
                  0000d372    00000070     stk.aem4f : socket.oem4f (.text:NDK_send)
                  0000d3e2    00000002     --HOLE-- [fill = 0]
                  0000d3e4    00000070               : rtable.oem4f (.text:RtFlush)
                  0000d454    00000070     netctrl_min_ipv4.aem4f : netsrv.oem4f (.text:SPConfig)
                  0000d4c4    00000070     stk.aem4f : sock.oem4f (.text:SockShutdown)
                  0000d534    00000070     nettool_ipv4.aem4f : dhcptags.oem4f (.text:dhcpDecodeType)
                  0000d5a4    00000004     httpget_pem4f.oem4f (.text:ti_sysbios_BIOS_RtsGateProxy_leave__E)
                  0000d5a8    00000070     sysbios.aem4f : BIOS.obj (.text:ti_sysbios_knl_Clock_workFunc__E)
                  0000d618    0000006e     stk.aem4f : socket.oem4f (.text:NDK_recv)
                  0000d686    00000002     --HOLE-- [fill = 0]
                  0000d688    0000006e               : rtable.oem4f (.text:RtWalkNext)
                  0000d6f6    0000006e               : sockpcb.oem4f (.text:SockPcbFindRaw)
                  0000d764    0000006e     rtsv7M4_T_le_v4SPD16_eabi.lib : _printfi.c.obj (.text:_mcpy)
                  0000d7d2    0000006e                                   : ll_div_t2.asm.obj (.text)
                  0000d840    0000006d     stk.aem4f : node.oem4f (.text:NodeNew)
                  0000d8ad    00000003     --HOLE-- [fill = 0]
                  0000d8b0    0000006d     ti.targets.arm.rtsarm.aem4f : System.oem4f (.text:xdc_runtime_System_formatNum__I)
                  0000d91d    00000003     --HOLE-- [fill = 0]
                  0000d920    0000006c     os.aem4f : ossys.oem4f (.text:DbgPrintf)
                  0000d98c    0000006c     stk.aem4f : node.oem4f (.text:NodeTreeNew)
                  0000d9f8    0000006c               : raweth.oem4f (.text:RawEthTxPacket)
                  0000da64    0000006c               : udp.oem4f (.text:UdpChecksum)
                  0000dad0    0000006c     rtsv7M4_T_le_v4SPD16_eabi.lib : asctime.c.obj (.text:asctime)
                  0000db3c    0000006c     httpget_pem4f.oem4f (.text:ti_ndk_config_ip_init)
                  0000dba8    0000006c     sysbios.aem4f : BIOS.obj (.text:ti_sysbios_knl_Swi_restoreHwi__E)
                  0000dc14    0000006c     ti.targets.arm.rtsarm.aem4f : Error.oem4f (.text:xdc_runtime_Error_print__E)
                  0000dc80    0000006c                                 : Memory.oem4f (.text:xdc_runtime_Memory_alloc__E)
                  0000dcec    0000006a     stk.aem4f : tcpprot.oem4f (.text:TcpPrInherit)
                  0000dd56    00000068               : socket.oem4f (.text:NDK_socket)
                  0000ddbe    00000002     --HOLE-- [fill = 0]
                  0000ddc0    00000068               : pbm.oem4f (.text:PBM_open)
                  0000de28    00000068               : rtable.oem4f (.text:_RtNodeInsert)
                  0000de90    00000068     rtsv7M4_T_le_v4SPD16_eabi.lib : copy_decompress_lzss.c.obj (.text:decompress:lzss:__TI_decompress_lzss)
                  0000def8    00000066     ti.targets.arm.rtsarm.aem4f : Core-mem.oem4f (.text:xdc_runtime_Core_deleteObject__I)
                  0000df5e    00000002     --HOLE-- [fill = 0]
                  0000df60    00000064     nettool_ipv4.aem4f : config.oem4f (.text:CfgFree)
                  0000dfc4    00000064     drivers_tivaware.aem4f : GPIOTiva.oem4f (.text:GPIO_hwiIntFxn)
                  0000e028    00000064     stk.aem4f : pbm.oem4f (.text:PBMQ_enq)
                  0000e08c    00000064               : sockint.oem4f (.text:SockSpawnAbort)
                  0000e0f0    00000064     rtsv7M4_T_le_v4SPD16_eabi.lib : s_frexp.c.obj (.text:frexp)
                  0000e154    00000064     hal_timer_bios.aem4f : lltimer.oem4f (.text:llTimerTick)
                  0000e1b8    00000064     sysbios.aem4f : BIOS.obj (.text:ti_sysbios_family_arm_lm4_Timer_Module_startup__E)
                  0000e21c    00000064     httpget_pem4f.oem4f (.text:ti_sysbios_family_arm_m3_Hwi_create)
                  0000e280    00000064     sysbios.aem4f : BIOS.obj (.text:ti_sysbios_family_arm_m3_Hwi_dispatchC__I)
                  0000e2e4    00000004                   : BIOS.obj (.text:ti_sysbios_family_arm_lm4_Timer_masterEnable__I)
                  0000e2e8    00000064                   : BIOS.obj (.text:ti_sysbios_knl_Semaphore_post__E)
                  0000e34c    00000064     stk.aem4f : lliin.oem4f (.text:updateRtTable)
                  0000e3b0    00000062               : ipin.oem4f (.text:IPRouteIP)
                  0000e412    00000002     --HOLE-- [fill = 0]
                  0000e414    00000062               : sb.oem4f (.text:SBNew)
                  0000e476    00000002     --HOLE-- [fill = 0]
                  0000e478    00000060     nettool_ipv4.aem4f : config.oem4f (.text:CfgGetEntryCnt)
                  0000e4d8    00000060     stk.aem4f : file.oem4f (.text:FdWaitEvent)
                  0000e538    00000060               : nimu.oem4f (.text:NIMUUnregister)
                  0000e598    00000060               : node.oem4f (.text:NodeFind)
                  0000e5f8    00000060               : rtc.oem4f (.text:RTCMsg)
                  0000e658    00000060               : tcp.oem4f (.text:TcpChecksum)
                  0000e6b8    00000060     nettool_ipv4.aem4f : dhcptags.oem4f (.text:dhcpBuildOptions)
                  0000e718    00000060     httpget_pem4f.oem4f (.text:ti_ndk_config_Global_serviceReport)
                  0000e778    0000005e     stk.aem4f : route.oem4f (.text:RtRemove)
                  0000e7d6    0000005e     nettool_ipv4.aem4f : dhcpsm.oem4f (.text:StateSelecting)
                  0000e834    0000005e     stk.aem4f : vlan.oem4f (.text:VLANReceivePacket)
                  0000e892    00000002     --HOLE-- [fill = 0]
                  0000e894    0000005c     nettool_ipv4.aem4f : config.oem4f (.text:CfgSetExecuteOrder)
                  0000e8f0    0000005c     stk.aem4f : nimu.oem4f (.text:NIMUIoctlSpecialCmd)
                  0000e94c    0000005c     netctrl_min_ipv4.aem4f : netsrv.oem4f (.text:SPService)
                  0000e9a8    0000005c     httpget_pem4f.oem4f (.text:ti_sysbios_knl_Swi_create)
                  0000ea04    00000004     httpget_pem4f.oem4f (.text:ti_sysbios_family_arm_m3_Hwi_delete)
                  0000ea08    0000005c     sysbios.aem4f : BIOS.obj (.text:ti_sysbios_knl_Swi_run__I)
                  0000ea64    00000004     httpget_pem4f.oem4f (.text:ti_sysbios_family_arm_m3_TaskSupport_Module__startupDone__S)
                  0000ea68    0000005c     sysbios.aem4f : BIOS.obj (.text:ti_sysbios_knl_Swi_schedule__I)
                  0000eac4    0000005c     httpget_pem4f.oem4f (.text:ti_sysbios_knl_Task_create)
                  0000eb20    0000005c     sysbios.aem4f : BIOS.obj (.text:ti_sysbios_knl_Task_unblockI__E)
                  0000eb7c    0000005b     ti.targets.arm.rtsarm.aem4f : Text.oem4f (.text:xdc_runtime_Text_putLab__E)
                  0000ebd7    00000001     --HOLE-- [fill = 0]
                  0000ebd8    0000005a     stk.aem4f : route.oem4f (.text:RtRedirect)
                  0000ec32    0000005a               : tcpprot.oem4f (.text:TcpValidateMetrics)
                  0000ec8c    0000005a     nettool_ipv4.aem4f : dhcpbild.oem4f (.text:dhcpBuildDecline)
                  0000ece6    0000005a     os.aem4f : mem.oem4f (.text:mmCopy)
                  0000ed40    0000005a     httpget_pem4f.oem4f (.text:ti_ndk_config_tcp_init)
                  0000ed9a    00000002     --HOLE-- [fill = 0]
                  0000ed9c    00000058     stk.aem4f : bind.oem4f (.text:BindFree)
                  0000edf4    00000058     boot.aem4f : boot.oem4f (.text)
                  0000ee4c    00000058     driverlib.lib : emac.obj (.text:EMACPHYConfigSet)
                  0000eea4    00000058     rtsv7M4_T_le_v4SPD16_eabi.lib : hostwrite.c.obj (.text:HOSTwrite)
                  0000eefc    00000058     stk.aem4f : igmp.oem4f (.text:IGMPTimer)
                  0000ef54    00000058     os.aem4f : semaphore.oem4f (.text:SemCreate)
                  0000efac    00000058     sysbios.aem4f : m3_Hwi_asm_switch.obj (.text:ti_sysbios_family_arm_m3_Hwi_initStacks__E)
                  0000f004    00000056     driverlib.lib : gpio.obj (.text:GPIOIntTypeSet)
                  0000f05a    00000056     rtsv7M4_T_le_v4SPD16_eabi.lib : _printfi.c.obj (.text:_pconv_f)
                  0000f0b0    00000054     nettool_ipv4.aem4f : config.oem4f (.text:CfgEntryDeRef)
                  0000f104    00000054     stk.aem4f : igmp.oem4f (.text:IGMPLeave)
                  0000f158    00000054               : rawethsock_pcb.oem4f (.text:RawEthSockPcbAttach)
                  0000f1ac    00000054               : sockpcb.oem4f (.text:SockCleanPcb)
                  0000f200    00000054               : tcptime.oem4f (.text:TcpTimeoutPersist)
                  0000f254    00000054     rtsv7M4_T_le_v4SPD16_eabi.lib : _ltoa.c.obj (.text:__TI_ltoa)
                  0000f2a8    00000054     sysbios.aem4f : BIOS.obj (.text:ti_sysbios_family_arm_lm4_Timer_initDevice__I)
                  0000f2fc    00000004     httpget_pem4f.oem4f (.text:ti_sysbios_heaps_HeapMem_Module_GateProxy_enter__E)
                  0000f300    00000054     sysbios.aem4f : BIOS.obj (.text:ti_sysbios_knl_Swi_Instance_init__E)
                  0000f354    00000054     ti.targets.arm.rtsarm.aem4f : Assert.oem4f (.text:xdc_runtime_Assert_raise__I)
                  0000f3a8    00000052     stk.aem4f : tcpprot.oem4f (.text:TcpPrDetach)
                  0000f3fa    00000052     rtsv7M4_T_le_v4SPD16_eabi.lib : _printfi.c.obj (.text:_ecpy)
                  0000f44c    00000050     drivers_tivaware.aem4f : GPIOTiva.oem4f (.text:GPIO_setCallback)
                  0000f49c    00000050                            : GPIOTiva.oem4f (.text:GPIO_write)
                  0000f4ec    00000050     stk.aem4f : socket.oem4f (.text:NDK_bind)
                  0000f53c    00000050               : socket.oem4f (.text:NDK_connect)
                  0000f58c    00000050               : route.oem4f (.text:RtNew)
                  0000f5dc    00000050     driverlib.lib : sysctl.obj (.text:SysCtlPeripheralReset)
                  0000f62c    00000050     Boot.aem4f : Boot_sysctl.oem4f (.text:_SysCtlFrequencyGet)
                  0000f67c    00000004     httpget_pem4f.oem4f (.text:ti_sysbios_heaps_HeapMem_Module_GateProxy_leave__E)
                  0000f680    00000050     sysbios.aem4f : BIOS.obj (.text:ti_sysbios_family_arm_m3_Hwi_Module_startup__E)
                  0000f6d0    00000050                   : BIOS.obj (.text:ti_sysbios_knl_Clock_Instance_init__E)
                  0000f720    00000050     ti.targets.arm.rtsarm.aem4f : Startup.oem4f (.text:xdc_runtime_Startup_exec__E)
                  0000f770    00000050                                 : Text.oem4f (.text:xdc_runtime_Text_visitRope2__I)
                  0000f7c0    0000004e     stk.aem4f : node.oem4f (.text:NodeDeRef)
                  0000f80e    0000004e     nettool_ipv4.aem4f : config.oem4f (.text:_CfgEntryScan)
                  0000f85c    0000004c                        : ipaddr.oem4f (.text:NtAddNetwork)
                  0000f8a8    0000004c     stk.aem4f : sockint.oem4f (.text:SockValidateRoute)
                  0000f8f4    0000004c     rtsv7M4_T_le_v4SPD16_eabi.lib : atoi.c.obj (.text:atoi)
                  0000f940    0000004c                                   : cpy_tbl.c.obj (.text:copy_in)
                  0000f98c    0000004c                                   : snprintf.c.obj (.text:snprintf)
                  0000f9d8    0000004c     sysbios.aem4f : BIOS.obj (.text:ti_sysbios_heaps_HeapMem_getStats__E)
                  0000fa24    00000004     httpget_pem4f.oem4f (.text:ti_sysbios_knl_Clock_TimerProxy_getMaxTicks__E)
                  0000fa28    0000004c     sysbios.aem4f : BIOS.obj (.text:ti_sysbios_knl_Swi_runLoop__I)
                  0000fa74    00000004     httpget_pem4f.oem4f (.text:ti_sysbios_knl_Queue_destruct)
                  0000fa78    0000004c     sysbios.aem4f : BIOS.obj (.text:ti_sysbios_knl_Task_allBlockedFunction__I)
                  0000fac4    0000004a     netctrl_min_ipv4.aem4f : netsrv.oem4f (.text:ServiceKill)
                  0000fb0e    0000004a     stk.aem4f : sock.oem4f (.text:SockDisconnect)
                  0000fb58    0000004a               : timer.oem4f (.text:TimerNew)
                  0000fba2    00000048     nettool_ipv4.aem4f : config.oem4f (.text:CfgNew)
                  0000fbea    00000002     --HOLE-- [fill = 0]
                  0000fbec    00000048     driverlib.lib : gpio.obj (.text:GPIOPinConfigure)
                  0000fc34    00000048     stk.aem4f : lli.oem4f (.text:LLIMsg)
                  0000fc7c    00000048               : node.oem4f (.text:NodeWalk)
                  0000fcc4    00000048               : rawethsock_pcb.oem4f (.text:RawEthSockPcbDetach)
                  0000fd0c    00000048               : sockpcb.oem4f (.text:SockPcbResolveChain)
                  0000fd54    00000048               : tcpprot.oem4f (.text:TcpDrop)
                  0000fd9c    00000048               : lli.oem4f (.text:_LLIExpListInsert)
                  0000fde4    00000048               : rtable.oem4f (.text:_RtExpListInsert)
                  0000fe2c    00000048               : file.oem4f (.text:fdint_lockfd)
                  0000fe74    00000048     rtsv7M4_T_le_v4SPD16_eabi.lib : fd_toi_t2.asm.obj (.text)
                  0000febc    00000004     httpget_pem4f.oem4f (.text:ti_sysbios_knl_Semaphore_delete)
                  0000fec0    00000048     sysbios.aem4f : BIOS.obj (.text:ti_sysbios_family_arm_lm4_Timer_enableTimers__I)
                  0000ff08    00000048                   : BIOS.obj (.text:ti_sysbios_family_arm_m3_Hwi_disableInterrupt__E)
                  0000ff50    00000048                   : BIOS.obj (.text:ti_sysbios_family_arm_m3_Hwi_enableInterrupt__E)
                  0000ff98    00000048                   : BIOS.obj (.text:ti_sysbios_family_arm_m3_Hwi_excReserved__I)
                  0000ffe0    00000048                   : BIOS.obj (.text:ti_sysbios_knl_Task_deleteTerminatedTasksFunc__I)
                  00010028    00000046     nettool_ipv4.aem4f : ipaddr.oem4f (.text:NtIfIdx2Ip)
                  0001006e    00000046     stk.aem4f : rawethsock.oem4f (.text:RawEthSockSend)
                  000100b4    00000046               : tcpprot.oem4f (.text:TcpPrCtlError)
                  000100fa    00000046     os.aem4f : mem.oem4f (.text:mmZeroInit)
                  00010140    00000046     ti.targets.arm.rtsarm.aem4f : Core-params.oem4f (.text:xdc_runtime_Core_assignParams__I)
                  00010186    00000002     --HOLE-- [fill = 0]
                  00010188    00000044     drivers_tivaware.aem4f : EMACSnow.oem4f (.text:EMACSnow_processTransmitted)
                  000101cc    00000044     stk.aem4f : icmp.oem4f (.text:ICMPChecksum)
                  00010210    00000044               : ipfrag.oem4f (.text:IPReasmFree)
                  00010254    00000044               : lli.oem4f (.text:LLIGetValidTime)
                  00010298    00000044               : rtable.oem4f (.text:RouteMsg)
                  000102dc    00000044               : rtable.oem4f (.text:RtWalkEnd)
                  00010320    00000044               : sockpcb.oem4f (.text:SockPcbDetach)
                  00010364    00000044               : timer.oem4f (.text:TimerListInsert)
                  000103a8    00000044     hal_timer_bios.aem4f : lltimer.oem4f (.text:llTimerGetTime)
                  000103ec    00000004     httpget_pem4f.oem4f (.text:ti_sysbios_knl_Semaphore_destruct)
                  000103f0    00000044     sysbios.aem4f : BIOS.obj (.text:ti_sysbios_family_arm_lm4_Timer_isrStub__E)
                  00010434    00000004     httpget_pem4f.oem4f (.text:ti_sysbios_knl_Swi_delete)
                  00010438    00000044     sysbios.aem4f : BIOS.obj (.text:ti_sysbios_family_arm_m3_Hwi_getStackInfo__E)
                  0001047c    00000004     httpget_pem4f.oem4f (.text:ti_sysbios_knl_Task_delete)
                  00010480    00000044     sysbios.aem4f : BIOS.obj (.text:ti_sysbios_knl_Swi_post__E)
                  000104c4    00000044     ti.targets.arm.rtsarm.aem4f : Error.oem4f (.text:xdc_runtime_Error_setX__E)
                  00010508    00000044                                 : SysMin.oem4f (.text:xdc_runtime_SysMin_flush__E)
                  0001054c    00000044                                 : Text.oem4f (.text:xdc_runtime_Text_xprintf__I)
                  00010590    00000042     stk.aem4f : tcpprot.oem4f (.text:TcpPrSendOOB)
                  000105d2    00000042               : fileuser.oem4f (.text:fdCloseSession)
                  00010614    00000040               : lliin.oem4f (.text:LLIValidateRoute)
                  00010654    00000040               : pbm.oem4f (.text:PBM_copy)
                  00010694    00000040               : sockpcb.oem4f (.text:SockPcbRtChange)
                  000106d4    00000040               : tcpprot.oem4f (.text:TcpPrSend)
                  00010714    00000040     rtsv7M4_T_le_v4SPD16_eabi.lib : u_divt2.asm.obj (.text)
                  00010754    00000040                                   : strtok.c.obj (.text:strtok)
                  00010794    00000004     ti.targets.arm.rtsarm.aem4f : Error.oem4f (.text:xdc_runtime_Error_getMsg__E)
                  00010798    00000040     sysbios.aem4f : BIOS.obj (.text:ti_sysbios_family_arm_lm4_Timer_startup__E)
                  000107d8    00000040                   : BIOS.obj (.text:ti_sysbios_heaps_HeapMem_Instance_init__E)
                  00010818    0000003e     nettool_ipv4.aem4f : dhcpmain.oem4f (.text:DHCPClose)
                  00010856    00000002     --HOLE-- [fill = 0]
                  00010858    0000003e     stk.aem4f : nimu.oem4f (.text:NIMUAllocateName)
                  00010896    0000003e     os.aem4f : task.oem4f (.text:TaskCreate)
                  000108d4    0000003e     stk.aem4f : tcpprot.oem4f (.text:TcpPrDisconnect)
                  00010912    0000003e     rtsv7M4_T_le_v4SPD16_eabi.lib : _printfi.c.obj (.text:_fcpy)
                  00010950    0000003e     stk.aem4f : file.oem4f (.text:fdint_unlockfd)
                  0001098e    0000003c     nettool_ipv4.aem4f : config.oem4f (.text:CfgEntryGetData)
                  000109ca    0000003c     driverlib.lib : emac.obj (.text:EMACIntDisable)
                  00010a06    0000003c     stk.aem4f : node.oem4f (.text:NodeUpdatePL)
                  00010a42    00000002     --HOLE-- [fill = 0]
                  00010a44    0000003c               : rtable.oem4f (.text:RtWalkBegin)
                  00010a80    0000003c               : tcpprot.oem4f (.text:TcpPrConnect)
                  00010abc    0000003c               : tcptime.oem4f (.text:TcpSetPersist)
                  00010af8    0000003c               : rtc.oem4f (.text:_RTCSendRtAdv)
                  00010b34    0000003c               : rtable.oem4f (.text:_RtNodeRemove)
                  00010b70    0000003c     hal_timer_bios.aem4f : lltimer.oem4f (.text:_llTimerInit)
                  00010bac    00000004     ti.targets.arm.rtsarm.aem4f : Error.oem4f (.text:xdc_runtime_Error_getSite__E)
                  00010bb0    0000003c     sysbios.aem4f : BIOS.obj (.text:ti_sysbios_family_arm_m3_Hwi_excSvCall__I)
                  00010bec    00000004     httpget_pem4f.oem4f (.text:xdc_runtime_System_Module_GateProxy_enter__E)
                  00010bf0    0000003c     sysbios.aem4f : BIOS.obj (.text:ti_sysbios_heaps_HeapMem_init__I)
                  00010c2c    00000004     httpget_pem4f.oem4f (.text:xdc_runtime_System_Module_GateProxy_leave__E)
                  00010c30    0000003c     sysbios.aem4f : BIOS.obj (.text:ti_sysbios_knl_Swi_restore__E)
                  00010c6c    0000003a     driverlib.lib : emac.obj (.text:EMACIntEnable)
                  00010ca6    00000002     --HOLE-- [fill = 0]
                  00010ca8    00000038                   : emac.obj (.text:EMACConfigGet)
                  00010ce0    00000038     stk.aem4f : ipfrag.oem4f (.text:IPReasmTimeout)
                  00010d18    00000038               : node.oem4f (.text:NodeGetRt)
                  00010d50    00000038     driverlib.lib : sysctl.obj (.text:SysCtlPeripheralReady)
                  00010d88    00000038     stk.aem4f : tcpprot.oem4f (.text:TcpClose)
                  00010dc0    00000038               : timer.oem4f (.text:TimerHSTick)
                  00010df8    00000038     rtsv7M4_T_le_v4SPD16_eabi.lib : trgmsg.c.obj (.text:__TI_writemsg)
                  00010e30    00000038     nettool_ipv4.aem4f : dhcpbild.oem4f (.text:dhcpBuildDiscover)
                  00010e68    00000038                        : dhcptags.oem4f (.text:dhcpOptionsClear)
                  00010ea0    00000038     stk.aem4f : file.oem4f (.text:fdint_waitevent)
                  00010ed8    00000038     sysbios.aem4f : BIOS.obj (.text:ti_sysbios_family_arm_m3_Hwi_excNoIsr__I)
                  00010f10    00000038     httpget_pem4f.oem4f (.text:ti_sysbios_knl_Clock_create)
                  00010f48    00000038     sysbios.aem4f : BIOS.obj (.text:ti_sysbios_knl_Task_processVitalTaskFlag__I)
                  00010f80    00000038     ti.targets.arm.rtsarm.aem4f : SysMin.oem4f (.text:xdc_runtime_SysMin_putch__E)
                  00010fb8    00000038                                 : System.oem4f (.text:xdc_runtime_System_atexit__E)
                  00010ff0    00000036     stk.aem4f : ip.oem4f (.text:IPChecksum)
                  00011026    00000002     --HOLE-- [fill = 0]
                  00011028    00000035     httpget.obj (.text:printError)
                  0001105d    00000003     --HOLE-- [fill = 0]
                  00011060    00000034     nettool_ipv4.aem4f : config.oem4f (.text:CfgSetService)
                  00011094    00000034     driverlib.lib : emac.obj (.text:EMACConfigSet)
                  000110c8    00000034                   : emac.obj (.text:EMACIntClear)
                  000110fc    00000034     drivers_tivaware.aem4f : EMACSnow.oem4f (.text:EMACSnow_emacPoll)
                  00011130    00000034                            : EMACSnow.oem4f (.text:EMACSnow_isLinkUp)
                  00011164    00000034                            : EMAC.oem4f (.text:EMAC_init)
                  00011198    00000034     stk.aem4f : exec.oem4f (.text:ExecClose)
                  000111cc    00000034               : nimu.oem4f (.text:NIMUFindByName)
                  00011200    00000034               : nimu.oem4f (.text:NIMUInit)
                  00011234    00000034               : rawethsock.oem4f (.text:RawEthSockNotify)
                  00011268    00000034               : sockprot.oem4f (.text:SockPrCtlError)
                  0001129c    00000034     driverlib.lib : sysctl.obj (.text:SysCtlPeripheralEnable)
                  000112d0    00000034     rtsv7M4_T_le_v4SPD16_eabi.lib : trgmsg.c.obj (.text:__TI_readmsg)
                  00011304    00000034     os.aem4f : mem.oem4f (.text:mmUnInitPage)
                  00011338    00000034     sysbios.aem4f : BIOS.obj (.text:ti_sysbios_family_arm_m3_Hwi_Instance_finalize__E)
                  0001136c    00000004     ti.targets.arm.rtsarm.aem4f : System.oem4f (.text:xdc_runtime_System_aprintf_va__F)
                  00011370    00000034     sysbios.aem4f : BIOS.obj (.text:ti_sysbios_family_arm_m3_Hwi_excNmi__I)
                  000113a4    00000004     ti.targets.arm.rtsarm.aem4f : System.oem4f (.text:xdc_runtime_System_printf_va__F)
                  000113a8    00000034     sysbios.aem4f : BIOS.obj (.text:ti_sysbios_hal_Hwi_checkStack)
                  000113dc    00000034     httpget_pem4f.oem4f (.text:ti_sysbios_knl_Semaphore_create)
                  00011410    00000034     ti.targets.arm.rtsarm.aem4f : Core-label.oem4f (.text:xdc_runtime_Core_assignLabel__I)
                  00011444    00000033                                 : Text.oem4f (.text:xdc_runtime_Text_printVisFxn__I)
                  00011477    00000001     --HOLE-- [fill = 0]
                  00011478    00000032     nettool_ipv4.aem4f : config.oem4f (.text:CfgGetImmediate)
                  000114aa    00000032     stk.aem4f : route.oem4f (.text:RtDeRef)
                  000114dc    00000032               : route.oem4f (.text:RtSetFailure)
                  0001150e    00000032               : sb.oem4f (.text:SBFlush)
                  00011540    00000032               : sb.oem4f (.text:SBSetMax)
                  00011572    00000032               : sock.oem4f (.text:SockIntAbort)
                  000115a4    00000032     nettool_ipv4.aem4f : config.oem4f (.text:_CfgAcquire)
                  000115d6    00000032                        : dhcpsm.oem4f (.text:dhcpIPRemove)
                  00011608    00000032     sysbios.aem4f : BIOS.obj (.text:ti_sysbios_hal_Hwi_initStack)
                  0001163a    00000006     driverlib.lib : emac.obj (.text:EMACRxDMADescriptorListSet)
                  00011640    00000032     sysbios.aem4f : BIOS.obj (.text:ti_sysbios_knl_Semaphore_pendTimeout__I)
                  00011672    00000030     driverlib.lib : emac.obj (.text:EMACAddrSet)
                  000116a2    00000002     --HOLE-- [fill = 0]
                  000116a4    00000030     drivers_tivaware.aem4f : EMACSnow.oem4f (.text:EMACSnow_handlePackets)
                  000116d4    00000030     netctrl_min_ipv4.aem4f : netsrv.oem4f (.text:NS_PreBoot)
                  00011704    00000030     stk.aem4f : sock.oem4f (.text:SockBind)
                  00011734    00000030     rtsv7M4_T_le_v4SPD16_eabi.lib : snprintf.c.obj (.text:_outs)
                  00011764    00000030     nettool_ipv4.aem4f : dhcpsock.oem4f (.text:dhcpPacketSend)
                  00011794    00000030     stk.aem4f : listlib.oem4f (.text:list_remove_node)
                  000117c4    00000030     httpget_pem4f.oem4f (.text:ti_sysbios_BIOS_atExitFunc__I)
                  000117f4    00000004     --HOLE-- [fill = 0]
                  000117f8    00000030     sysbios.aem4f : BIOS.obj (.text:ti_sysbios_family_arm_lm4_Timer_stop__E)
                  00011828    00000030                   : BIOS.obj (.text:ti_sysbios_family_arm_m3_TaskSupport_start__E)
                  00011858    00000030     httpget_pem4f.oem4f (.text:ti_sysbios_gates_GateHwi_Object__create__S)
                  00011888    00000030     httpget_pem4f.oem4f (.text:ti_sysbios_gates_GateMutex_Object__create__S)
                  000118b8    00000030     sysbios.aem4f : BIOS.obj (.text:ti_sysbios_gates_GateMutex_enter__E)
                  000118e8    00000030     httpget_pem4f.oem4f (.text:ti_sysbios_heaps_HeapMem_Object__create__S)
                  00011918    00000030     httpget_pem4f.oem4f (.text:ti_sysbios_knl_Semaphore_construct)
                  00011948    00000030     ti.targets.arm.rtsarm.aem4f : SysMin.oem4f (.text:xdc_runtime_SysMin_abort__E)
                  00011978    00000030                                 : System.oem4f (.text:xdc_runtime_System_processAtExit__E)
                  000119a8    0000002e     stk.aem4f : sb.oem4f (.text:SBFree)
                  000119d6    0000002e     rtsv7M4_T_le_v4SPD16_eabi.lib : i_tofd_t2.asm.obj (.text)
                  00011a04    0000002c     driverlib.lib : emac.obj (.text:EMACIntStatus)
                  00011a30    0000002c     stk.aem4f : file.oem4f (.text:FdSignalEvent)
                  00011a5c    0000002c               : igmp.oem4f (.text:IGMPTestGroup)
                  00011a88    0000002c     os.aem4f : task.oem4f (.text:NDK_hookCreate)
                  00011ab4    0000002c     stk.aem4f : nimu.oem4f (.text:NIMUAllocateIndex)
                  00011ae0    0000002c               : nimu.oem4f (.text:NIMUPacketServiceCheck)
                  00011b0c    0000002c               : pipe.oem4f (.text:PipeClose)
                  00011b38    0000002c               : sockpcb.oem4f (.text:SockPcbAttach)
                  00011b64    0000002c               : lli.oem4f (.text:_LLIExpListRemove)
                  00011b90    0000002c               : lli.oem4f (.text:_LLITimeoutFlush)
                  00011bbc    0000002c               : rtable.oem4f (.text:_RtExpListRemove)
                  00011be8    0000002c     httpget_pem4f.oem4f (.text:ti_sysbios_knl_Clock_doTick__I)
                  00011c14    0000002c     httpget_pem4f.oem4f (.text:ti_sysbios_knl_Queue_construct)
                  00011c40    0000002c     sysbios.aem4f : BIOS.obj (.text:ti_sysbios_knl_Task_restore__E)
                  00011c6c    0000002c     ti.targets.arm.rtsarm.aem4f : Text.oem4f (.text:xdc_runtime_Text_cordText__E)
                  00011c98    0000002a     driverlib.lib : gpio.obj (.text:GPIODirModeSet)
                  00011cc2    0000002a     stk.aem4f : pbm.oem4f (.text:PBMQ_deq)
                  00011cec    0000002a     netctrl_min_ipv4.aem4f : netsrv.oem4f (.text:ServiceCallback)
                  00011d16    0000002a     nettool_ipv4.aem4f : config.oem4f (.text:_CfgRelease)
                  00011d40    0000002a     rtsv7M4_T_le_v4SPD16_eabi.lib : strspn.c.obj (.text:strspn)
                  00011d6a    0000002a     ti.targets.arm.rtsarm.aem4f : System.oem4f (.text:xdc_runtime_System_putchar__I)
                  00011d94    00000028     stk.aem4f : bind.oem4f (.text:BindFindByNet)
                  00011dbc    00000028               : lli.oem4f (.text:LLIFree)
                  00011de4    00000028     netctrl_min_ipv4.aem4f : netctrl.oem4f (.text:NC_SystemClose)
                  00011e0c    00000028     stk.aem4f : nimu.oem4f (.text:NIMUCreatePacket)
                  00011e34    00000028               : nimu.oem4f (.text:NIMUPacketService)
                  00011e5c    00000028               : tcpin.oem4f (.text:TcpEnterTimeWait)
                  00011e84    00000028               : timer.oem4f (.text:TimerListRemove)
                  00011eac    00000028               : vlan.oem4f (.text:VLANFindSourceInterface)
                  00011ed4    00000028               : vlan.oem4f (.text:VLANInit)
                  00011efc    00000028     nettool_ipv4.aem4f : dhcpsock.oem4f (.text:dhcpPacketReceive)
                  00011f24    00000028     drivers_tivaware.aem4f : EMACSnow.oem4f (.text:signalLinkChange)
                  00011f4c    00000004     --HOLE-- [fill = 0]
                  00011f50    00000028     sysbios.aem4f : BIOS.obj (.text:ti_sysbios_knl_Clock_addI__E)
                  00011f78    00000028                   : BIOS.obj (.text:ti_sysbios_knl_Swi_Module_startup__E)
                  00011fa0    00000026     nettool_ipv4.aem4f : config.oem4f (.text:CfgEntryInfo)
                  00011fc6    00000026     driverlib.lib : emac.obj (.text:EMACPHYRead)
                  00011fec    00000026                   : emac.obj (.text:EMACPHYWrite)
                  00012012    00000026     stk.aem4f : rawethsock.oem4f (.text:RawEthSockClose)
                  00012038    00000026     sysbios.aem4f : m3_Hwi_asm.obj (.text:ti_sysbios_family_arm_m3_Hwi_pendSV__I)
                  0001205e    00000026     ti.targets.arm.rtsarm.aem4f : System.oem4f (.text:xdc_runtime_System_avprintf__E)
                  00012084    00000024     stk.aem4f : bind.oem4f (.text:BindFindByHost)
                  000120a8    00000024               : bind.oem4f (.text:BindGetIFByDBCast)
                  000120cc    00000024     drivers_tivaware.aem4f : EMACSnow.oem4f (.text:EMACSnow_pkt_service)
                  000120f0    00000024                            : EMACSnow.oem4f (.text:EMACSnow_primeRx)
                  00012114    00000024     stk.aem4f : exec.oem4f (.text:ExecTimer)
                  00012138    00000024               : nimu.oem4f (.text:NIMUFindByIndex)
                  0001215c    00000024               : rtc.oem4f (.text:RTCAddHook)
                  00012180    00000024               : rawethsock_pcb.oem4f (.text:RawEthSockPcbFind)
                  000121a4    00000024               : route.oem4f (.text:RtFree)
                  000121c8    00000024               : route.oem4f (.text:RtSetTimeout)
                  000121ec    00000024               : sockpcb.oem4f (.text:SockPcbCleanup)
                  00012210    00000024               : tcptime.oem4f (.text:TcpTimeoutWait2)
                  00012234    00000024     nettool_ipv4.aem4f : config.oem4f (.text:_CfgEntryProcess)
                  00012258    00000024     rtsv7M4_T_le_v4SPD16_eabi.lib : strcspn.c.obj (.text:strcspn)
                  0001227c    00000024     httpget_pem4f.oem4f (.text:ti_sysbios_BIOS_errorRaiseHook__I)
                  000122a0    00000024     httpget_pem4f.oem4f (.text:ti_sysbios_BIOS_registerRTSLock__I)
                  000122c4    00000024     httpget_pem4f.oem4f (.text:ti_sysbios_BIOS_removeRTSLock__I)
                  000122e8    00000024     httpget_pem4f.oem4f (.text:ti_sysbios_BIOS_startFunc__I)
                  0001230c    00000024     httpget_pem4f.oem4f (.text:ti_sysbios_gates_GateMutex_Object__delete__S)
                  00012330    00000024     sysbios.aem4f : BIOS.obj (.text:ti_sysbios_knl_Clock_Module_startup__E)
                  00012354    00000004     --HOLE-- [fill = 0]
                  00012358    00000024                   : BIOS.obj (.text:ti_sysbios_knl_Semaphore_Instance_init__E)
                  0001237c    00000024     httpget_pem4f.oem4f (.text:ti_sysbios_knl_Semaphore_Object__delete__S)
                  000123a0    00000024     sysbios.aem4f : BIOS.obj (.text:ti_sysbios_knl_Task_restoreHwi__E)
                  000123c4    00000024     ti.targets.arm.rtsarm.aem4f : System.oem4f (.text:xdc_runtime_System_vprintf__E)
                  000123e8    00000022     nettool_ipv4.aem4f : config.oem4f (.text:CfgEntryRef)
                  0001240a    00000022     stk.aem4f : vlan.oem4f (.text:VLANFindNode)
                  0001242c    00000004     --HOLE-- [fill = 0]
                  00012430    00000022     sysbios.aem4f : BIOS.obj (.text:ti_sysbios_family_arm_lm4_Timer_write__I)
                  00012452    00000022     httpget_pem4f.oem4f (.text:xdc_runtime_SysMin_output__I)
                  00012474    00000020     netctrl_min_ipv4.aem4f : netctrl.oem4f (.text:NC_BootComplete)
                  00012494    00000020     stk.aem4f : nimu.oem4f (.text:NIMUGetNumOfObject)
                  000124b4    00000020               : rtc.oem4f (.text:RTCRemoveHook)
                  000124d4    00000020               : tcp.oem4f (.text:TcpTimeoutRemove)
                  000124f4    00000020     Boot.aem4f : Boot_sysctl.oem4f (.text:_SysCtlMemTimingGet)
                  00012514    00000020     httpget_pem4f.oem4f (.text:ti_sysbios_BIOS_rtsLock__I)
                  00012534    00000020     httpget_pem4f.oem4f (.text:ti_sysbios_family_arm_m3_Hwi_Object__delete__S)
                  00012554    00000020     sysbios.aem4f : m3_Hwi_asm.obj (.text:ti_sysbios_family_arm_m3_Hwi_excHandlerAsm__I)
                  00012574    00000004     --HOLE-- [fill = 0]
                  00012578    00000020                   : BIOS.obj (.text:ti_sysbios_family_arm_m3_Hwi_excHandler__I)
                  00012598    00000020     httpget_pem4f.oem4f (.text:ti_sysbios_gates_GateHwi_Object__delete__S)
                  000125b8    00000020     httpget_pem4f.oem4f (.text:ti_sysbios_heaps_HeapMem_Object__delete__S)
                  000125d8    00000020     sysbios.aem4f : BIOS.obj (.text:ti_sysbios_knl_Idle_run__E)
                  000125f8    00000020     httpget_pem4f.oem4f (.text:ti_sysbios_knl_Semaphore_Object__destruct__S)
                  00012618    00000020     httpget_pem4f.oem4f (.text:ti_sysbios_knl_Swi_Object__delete__S)
                  00012638    00000020     httpget_pem4f.oem4f (.text:ti_sysbios_knl_Task_Object__delete__S)
                  00012658    00000020     ti.targets.arm.rtsarm.aem4f : Registry.oem4f (.text:xdc_runtime_Registry_findById__E)
                  00012678    00000020                                 : SysMin.oem4f (.text:xdc_runtime_SysMin_Module_startup__E)
                  00012698    0000001e     stk.aem4f : listlib.oem4f (.text:list_remove)
                  000126b6    0000001e     httpget.obj (.text:recv)
                  000126d4    0000001e     httpget.obj (.text:send)
                  000126f2    0000001e     sysbios.aem4f : m3_Hwi_asm_switch.obj (.text:ti_sysbios_family_xxx_Hwi_switchAndRunFunc)
                  00012710    0000001c     stk.aem4f : bind.oem4f (.text:BindFindByIF)
                  0001272c    0000001c               : exec.oem4f (.text:ExecBroadcast)
                  00012748    0000001c     os.aem4f : ossys.oem4f (.text:NDK_sprintf)
                  00012764    0000001c     stk.aem4f : nimu.oem4f (.text:NIMUAddHeader)
                  00012780    0000001c               : sockprot.oem4f (.text:SockPrDetach)
                  0001279c    0000001c     os.aem4f : task.oem4f (.text:TaskDestroy)
                  000127b8    0000001c     drivers_tivaware.aem4f : GPIOTiva.oem4f (.text:getGpioIntIndex)
                  000127d4    0000001c     rtsv7M4_T_le_v4SPD16_eabi.lib : memccpy.c.obj (.text:memccpy)
                  000127f0    0000001c     httpget_pem4f.oem4f (.text:ti_ndk_config_global_taskCreateHook)
                  0001280c    00000004     --HOLE-- [fill = 0]
                  00012810    0000001c     sysbios.aem4f : BIOS.obj (.text:ti_sysbios_gates_GateMutex_Instance_init__E)
                  0001282c    0000001c     httpget_pem4f.oem4f (.text:ti_sysbios_knl_Queue_Object__destruct__S)
                  00012848    0000001c     sysbios.aem4f : BIOS.obj (.text:ti_sysbios_knl_Queue_put__E)
                  00012864    00000004     --HOLE-- [fill = 0]
                  00012868    0000001c                   : BIOS.obj (.text:ti_sysbios_knl_Task_enter__I)
                  00012884    0000001c     ti.targets.arm.rtsarm.aem4f : Error.oem4f (.text:xdc_runtime_Error_raiseX__E)
                  000128a0    0000001c                                 : Memory.oem4f (.text:xdc_runtime_Memory_valloc__E)
                  000128bc    0000001c                                 : SysMin.oem4f (.text:xdc_runtime_SysMin_exit__E)
                  000128d8    0000001c                                 : System.oem4f (.text:xdc_runtime_System_abort__E)
                  000128f4    0000001a     stk.aem4f : bind.oem4f (.text:BindGetIP)
                  0001290e    0000001a               : sockint.oem4f (.text:SockSetOOBMark)
                  00012928    0000001a     rtsv7M4_T_le_v4SPD16_eabi.lib : s_copysign.c.obj (.text:copysign)
                  00012942    0000001a     stk.aem4f : file.oem4f (.text:fdint_getfdt)
                  0001295c    0000001a     httpget_pem4f.oem4f (.text:ti_sysbios_family_arm_m3_Hwi_Handle__label__S)
                  00012976    0000001a     httpget_pem4f.oem4f (.text:ti_sysbios_gates_GateHwi_Handle__label__S)
                  00012990    0000001a     httpget_pem4f.oem4f (.text:ti_sysbios_gates_GateMutex_Handle__label__S)
                  000129aa    0000001a     httpget_pem4f.oem4f (.text:ti_sysbios_heaps_HeapMem_Handle__label__S)
                  000129c4    0000001a     httpget_pem4f.oem4f (.text:ti_sysbios_knl_Swi_Handle__label__S)
                  000129de    0000001a     httpget_pem4f.oem4f (.text:ti_sysbios_knl_Task_Handle__label__S)
                  000129f8    0000001a     sysbios.aem4f : BIOS.obj (.text:ti_sysbios_knl_Task_sleepTimeout__I)
                  00012a12    0000001a     httpget_pem4f.oem4f (.text:xdc_runtime_System_aprintf__E)
                  00012a2c    0000001a     httpget_pem4f.oem4f (.text:xdc_runtime_System_printf__E)
                  00012a46    00000002     --HOLE-- [fill = 0]
                  00012a48    00000018     drivers_tivaware.aem4f : EMACSnow.oem4f (.text:EMACSnow_emacSend)
                  00012a60    00000018     stk.aem4f : ip.oem4f (.text:IPRtChange)
                  00012a78    00000018               : rawethsock_pcb.oem4f (.text:RawEthSockPcbCleanup)
                  00012a90    00000018     nettool_ipv4.aem4f : ipaddr.oem4f (.text:RouteHook)
                  00012aa8    00000018     stk.aem4f : tcpin.oem4f (.text:SEQ_GEQ)
                  00012ac0    00000018               : tcpout.oem4f (.text:SEQ_GEQ)
                  00012ad8    00000018               : tcpin.oem4f (.text:SEQ_GT)
                  00012af0    00000018               : tcpout.oem4f (.text:SEQ_GT)
                  00012b08    00000018               : tcpin.oem4f (.text:SEQ_LEQ)
                  00012b20    00000018               : tcpout.oem4f (.text:SEQ_LEQ)
                  00012b38    00000018               : tcpin.oem4f (.text:SEQ_LT)
                  00012b50    00000018               : tcpout.oem4f (.text:SEQ_LT)
                  00012b68    00000018               : tcp.oem4f (.text:TcpTimeoutAdd)
                  00012b80    00000018     rtsv7M4_T_le_v4SPD16_eabi.lib : args_main.c.obj (.text:_args_main)
                  00012b98    00000018                                   : snprintf.c.obj (.text:_outc)
                  00012bb0    00000018     nettool_ipv4.aem4f : dhcpsock.oem4f (.text:dhcpSocketClose)
                  00012bc8    00000018     stk.aem4f : listlib.oem4f (.text:list_add)
                  00012be0    00000018     rtsv7M4_T_le_v4SPD16_eabi.lib : strcmp.c.obj (.text:strcmp)
                  00012bf8    00000018     httpget_pem4f.oem4f (.text:ti_sysbios_BIOS_rtsUnlock__I)
                  00012c10    00000018     httpget_pem4f.oem4f (.text:ti_sysbios_family_arm_lm4_Timer_Module__startupDone__F)
                  00012c28    00000018     httpget_pem4f.oem4f (.text:ti_sysbios_family_arm_m3_Hwi_Module__startupDone__F)
                  00012c40    00000018     sysbios.aem4f : m3_TaskSupport_asm.obj (.text:ti_sysbios_family_arm_m3_TaskSupport_swap__E)
                  00012c58    00000018                   : BIOS.obj (.text:ti_sysbios_gates_GateMutex_leave__E)
                  00012c70    00000018     ti.targets.arm.rtsarm.aem4f : Error.oem4f (.text:xdc_runtime_Error_check__E)
                  00012c88    00000018                                 : System.oem4f (.text:xdc_runtime_System_exit__E)
                  00012ca0    00000018                                 : Text.oem4f (.text:xdc_runtime_Text_ropeText__E)
                  00012cb8    00000016     driverlib.lib : emac.obj (.text:EMACReset)
                  00012cce    00000016                   : emac.obj (.text:EMACRxEnable)
                  00012ce4    00000016                   : emac.obj (.text:EMACTxEnable)
                  00012cfa    00000016     stk.aem4f : file.oem4f (.text:fdint_freefdt)
                  00012d10    00000016     rtsv7M4_T_le_v4SPD16_eabi.lib : strchr.c.obj (.text:strchr)
                  00012d26    00000016     httpget_pem4f.oem4f (.text:ti_sysbios_BIOS_exitFunc__I)
                  00012d3c    00000016     httpget.obj (.text:ti_sysbios_knl_Task_Params_init)
                  00012d52    00000016     ti.targets.arm.rtsarm.aem4f : System.oem4f (.text:xdc_runtime_System_vsprintf__E)
                  00012d68    00000014     stk.aem4f : bind.oem4f (.text:BindIPHost2IF)
                  00012d7c    00000014     driverlib.lib : flash.obj (.text:FlashUserGet)
                  00012d90    00000014     netctrl_min_ipv4.aem4f : netctrl.oem4f (.text:NC_NetStop)
                  00012da4    00000014     os.aem4f : task.oem4f (.text:NDK_hookExit)
                  00012db8    00000014     stk.aem4f : nimu.oem4f (.text:NIMUSendPacket)
                  00012dcc    00000014     nettool_ipv4.aem4f : ipaddr.oem4f (.text:NtRemoveNetwork)
                  00012de0    00000014     stk.aem4f : rawethsock_pcb.oem4f (.text:RawEthSockPcbInit)
                  00012df4    00000014               : timer.oem4f (.text:TimerFree)
                  00012e08    00000014     httpget.obj (.text:connect)
                  00012e1c    00000014     httpget.obj (.text:socket)
                  00012e30    00000014     rtsv7M4_T_le_v4SPD16_eabi.lib : strcpy.c.obj (.text:strcpy)
                  00012e44    00000014                                   : strlen.c.obj (.text:strlen)
                  00012e58    00000014     httpget_pem4f.oem4f (.text:ti_ndk_config_global_taskExitHook)
                  00012e6c    00000014     httpget_pem4f.oem4f (.text:ti_sysbios_family_arm_m3_Hwi_Object__get__S)
                  00012e80    00000014     sysbios.aem4f : BIOS.obj (.text:ti_sysbios_family_arm_m3_Hwi_switchFromBootStack__E)
                  00012e94    00000014     httpget_pem4f.oem4f (.text:ti_sysbios_heaps_HeapMem_Object__get__S)
                  00012ea8    00000014     httpget_pem4f.oem4f (.text:ti_sysbios_knl_Swi_Object__get__S)
                  00012ebc    00000014     httpget_pem4f.oem4f (.text:ti_sysbios_knl_Task_Object__first__S)
                  00012ed0    00000014     httpget_pem4f.oem4f (.text:ti_sysbios_knl_Task_Object__next__S)
                  00012ee4    00000014     httpget.obj (.text:timer1func)
                  00012ef8    00000012     driverlib.lib : gpio.obj (.text:GPIOPinTypeEthernetLED)
                  00012f0a    00000012     stk.aem4f : sockprot.oem4f (.text:SockPrAttach)
                  00012f1c    00000012               : sockint.oem4f (.text:SockSetOOBData)
                  00012f2e    00000012     httpget.obj (.text:netIPAddrHook)
                  00012f40    00000012     sysbios.aem4f : BIOS.obj (.text:ti_sysbios_hal_Hwi_Module_startup__E)
                  00012f52    00000006     driverlib.lib : emac.obj (.text:EMACTxDMADescriptorListSet)
                  00012f58    00000012     sysbios.aem4f : BIOS.obj (.text:ti_sysbios_hal_Timer_Module_startup__E)
                  00012f6a    00000006     driverlib.lib : gpio.obj (.text:GPIOIntClear)
                  00012f70    00000012     sysbios.aem4f : BIOS.obj (.text:ti_sysbios_knl_Semaphore_reset__E)
                  00012f82    00000012     rtsv7M4_T_le_v4SPD16_eabi.lib : wcslen.c.obj (.text:wcslen)
                  00012f94    00000012     httpget_pem4f.oem4f (.text:xdc_runtime_Startup_exec__I)
                  00012fa6    00000002     --HOLE-- [fill = 0]
                  00012fa8    00000010     httpget_pem4f.oem4f (.text:.bootCodeSection:ti_catalog_arm_cortexm4_tiva_ce_Boot_init__I)
                  00012fb8    00000010     stk.aem4f : bind.oem4f (.text:BindIF2IPHost)
                  00012fc8    00000010               : bind.oem4f (.text:BindIFNet2IPHost)
                  00012fd8    00000010     driverlib.lib : emac.obj (.text:EMACFrameFilterSet)
                  00012fe8    00000010     stk.aem4f : exec.oem4f (.text:ExecHRef)
                  00012ff8    00000010     netctrl_min_ipv4.aem4f : netctrl.oem4f (.text:NC_IPUpdate)
                  00013008    00000010     stk.aem4f : nimu.oem4f (.text:NIMUGetRsvdSizeInfo)
                  00013018    00000010     sysbios.aem4f : BIOS.obj (.text:ti_sysbios_BIOS_exit__E)
                  00013028    00000010                   : BIOS.obj (.text:ti_sysbios_BIOS_getCpuFreq__E)
                  00013038    00000010                   : BIOS.obj (.text:ti_sysbios_BIOS_setThreadType__E)
                  00013048    00000010                   : BIOS.obj (.text:ti_sysbios_BIOS_start__E)
                  00013058    00000010                   : m3_TaskSupport_asm.obj (.text:ti_sysbios_family_arm_m3_TaskSupport_glue)
                  00013068    00000010                   : BIOS.obj (.text:ti_sysbios_gates_GateMutex_Instance_finalize__E)
                  00013078    00000010                   : BIOS.obj (.text:ti_sysbios_knl_Semaphore_Instance_finalize__E)
                  00013088    00000010                   : BIOS.obj (.text:ti_sysbios_knl_Swi_disable__E)
                  00013098    00000010     httpget_pem4f.oem4f (.text:ti_sysbios_knl_Task_Object__get__S)
                  000130a8    00000010     sysbios.aem4f : BIOS.obj (.text:ti_sysbios_knl_Task_disable__E)
                  000130b8    00000010     ti.targets.arm.rtsarm.aem4f : Gate.oem4f (.text:xdc_runtime_Gate_leaveSystem__E)
                  000130c8    00000010                                 : Memory.oem4f (.text:xdc_runtime_Memory_free__E)
                  000130d8    00000010                                 : SysMin.oem4f (.text:xdc_runtime_SysMin_ready__E)
                  000130e8    00000010                                 : System.oem4f (.text:xdc_runtime_System_vsnprintf__E)
                  000130f8    00000010     httpget_pem4f.oem4f (.text:xdc_runtime_Text_visitRope__I)
                  00013108    0000000e     drivers_tivaware.aem4f : EMACSnow.oem4f (.text:EMACSnow_emacioctl)
                  00013116    0000000e     stk.aem4f : exec.oem4f (.text:ExecLowResource)
                  00013124    0000000e     driverlib.lib : gpio.obj (.text:GPIOIntStatus)
                  00013132    0000000e     rtsv7M4_T_le_v4SPD16_eabi.lib : copy_decompress_none.c.obj (.text:decompress:none:__TI_decompress_none)
                  00013140    0000000e     sysbios.aem4f : BIOS.obj (.text:ti_sysbios_knl_Idle_loop__E)
                  0001314e    00000002     --HOLE-- [fill = 0]
                  00013150    0000000e                   : BIOS.obj (.text:ti_sysbios_knl_Queue_empty__E)
                  0001315e    00000002     --HOLE-- [fill = 0]
                  00013160    0000000c     stk.aem4f : bind.oem4f (.text:BindGetFirst)
                  0001316c    0000000c     nettool_ipv4.aem4f : config.oem4f (.text:CfgSetDefault)
                  00013178    0000000c     drivers_tivaware.aem4f : EMACSnow.oem4f (.text:EMACSnow_init)
                  00013184    0000000c     os.aem4f : task.oem4f (.text:NDK_hookInit)
                  00013190    0000000c     stk.aem4f : nimu.oem4f (.text:NIMUSetRsvdSizeInfo)
                  0001319c    0000000c     os.aem4f : task.oem4f (.text:NotifyLowResource)
                  000131a8    0000000c     stk.aem4f : pbm.oem4f (.text:PBM_close)
                  000131b4    0000000c     os.aem4f : semaphore.oem4f (.text:SemDelete)
                  000131c0    0000000c     rtsv7M4_T_le_v4SPD16_eabi.lib : ctime_.c.obj (.text:__ctime32)
                  000131cc    0000000c     hal_timer_bios.aem4f : lltimer.oem4f (.text:_llTimerShutdown)
                  000131d8    0000000c     rtsv7M4_T_le_v4SPD16_eabi.lib : _lock.c.obj (.text:_register_lock)
                  000131e4    0000000c                                   : _lock.c.obj (.text:_register_unlock)
                  000131f0    0000000c     httpget.obj (.text:close)
                  000131fc    0000000c     rtsv7M4_T_le_v4SPD16_eabi.lib : copy_zero_init.c.obj (.text:decompress:ZI:__TI_zero_init)
                  00013208    0000000c     hal_timer_bios.aem4f : lltimer.oem4f (.text:llTimerGetStartTime)
                  00013214    00000004     --HOLE-- [fill = 0]
                  00013218    0000000c     sysbios.aem4f : BIOS.obj (.text:ti_sysbios_BIOS_getThreadType__E)
                  00013224    00000004     --HOLE-- [fill = 0]
                  00013228    0000000c                   : BIOS.obj (.text:ti_sysbios_family_arm_lm4_Timer_getMaxTicks__E)
                  00013234    0000000c     httpget_pem4f.oem4f (.text:ti_sysbios_family_arm_m3_Hwi_Params__init__S)
                  00013240    0000000c     sysbios.aem4f : BIOS.obj (.text:ti_sysbios_family_arm_m3_Hwi_disableFxn__E)
                  0001324c    00000004     --HOLE-- [fill = 0]
                  00013250    0000000c                   : BIOS.obj (.text:ti_sysbios_family_arm_m3_TaskSupport_checkStack__E)
                  0001325c    00000004     --HOLE-- [fill = 0]
                  00013260    0000000c                   : BIOS.obj (.text:ti_sysbios_family_arm_m3_TaskSupport_getStackAlignment__E)
                  0001326c    00000004     --HOLE-- [fill = 0]
                  00013270    0000000c                   : BIOS.obj (.text:ti_sysbios_gates_GateHwi_enter__E)
                  0001327c    0000000c     httpget_pem4f.oem4f (.text:ti_sysbios_knl_Clock_Params__init__S)
                  00013288    0000000c     sysbios.aem4f : BIOS.obj (.text:ti_sysbios_knl_Clock_getTicks__E)
                  00013294    0000000c     httpget_pem4f.oem4f (.text:ti_sysbios_knl_Queue_Object__get__S)
                  000132a0    0000000c     httpget_pem4f.oem4f (.text:ti_sysbios_knl_Semaphore_Params__init__S)
                  000132ac    0000000c     httpget_pem4f.oem4f (.text:ti_sysbios_knl_Task_Params__init__S)
                  000132b8    0000000c     sysbios.aem4f : BIOS.obj (.text:ti_sysbios_knl_Task_getIdleTask__E)
                  000132c4    00000004     --HOLE-- [fill = 0]
                  000132c8    0000000c                   : BIOS.obj (.text:ti_sysbios_knl_Task_self__E)
                  000132d4    0000000c     ti.targets.arm.rtsarm.aem4f : Error.oem4f (.text:xdc_runtime_Error_init__E)
                  000132e0    0000000c                                 : Gate.oem4f (.text:xdc_runtime_Gate_enterSystem__E)
                  000132ec    0000000c                                 : Memory.oem4f (.text:xdc_runtime_Memory_calloc__E)
                  000132f8    0000000c                                 : Memory.oem4f (.text:xdc_runtime_Memory_getMaxDefaultTypeAlign__E)
                  00013304    0000000a     stk.aem4f : file.oem4f (.text:fdint_signalevent)
                  0001330e    0000000a               : file.oem4f (.text:fdint_signaltimeout)
                  00013318    0000000a     httpget_pem4f.oem4f (.text:xdc_runtime_IHeap_alloc)
                  00013322    0000000a     httpget_pem4f.oem4f (.text:xdc_runtime_IHeap_free)
                  0001332c    00000008     EK_TM4C1294XL.obj (.text:EK_TM4C1294XL_initGPIO)
                  00013334    00000008     driverlib.lib : emac.obj (.text:EMACTxDMAPollDemand)
                  0001333c    00000008     stk.aem4f : node.oem4f (.text:NodeFree)
                  00013344    00000008     os.aem4f : task.oem4f (.text:TaskBlock)
                  0001334c    00000008     rtsv7M4_T_le_v4SPD16_eabi.lib : errno.c.obj (.text:__aeabi_errno_addr)
                  00013354    00000008     sysbios.aem4f : BIOS.obj (.text:ti_sysbios_family_arm_lm4_Timer_masterDisable__I)
                  0001335c    00000004     --HOLE-- [fill = 0]
                  00013360    00000008                   : BIOS.obj (.text:ti_sysbios_family_arm_m3_Hwi_doSwiRestore__I)
                  00013368    00000008                   : BIOS.obj (.text:ti_sysbios_family_arm_m3_Hwi_startup__E)
                  00013370    00000008                   : BIOS.obj (.text:ti_sysbios_knl_Task_getHookContext__E)
                  00013378    00000008                   : BIOS.obj (.text:ti_sysbios_knl_Task_setHookContext__E)
                  00013380    00000006     driverlib.lib : gpio.obj (.text:GPIOPinWrite)
                  00013386    00000006                   : sysctl.obj (.text:SysCtlDelay)
                  0001338c    00000006     stk.aem4f : tcpprot.oem4f (.text:TcpPrRecv)
                  00013392    00000006     ti.targets.arm.rtsarm.aem4f : xdc_noinit.oem4f (.text:__xdc__init)
                  00013398    00000006     sysbios.aem4f : BIOS.obj (.text:ti_sysbios_family_arm_m3_Hwi_doTaskRestore__I)
                  0001339e    00000002     --HOLE-- [fill = 0]
                  000133a0    00000006                   : BIOS.obj (.text:ti_sysbios_family_arm_m3_Hwi_restoreFxn__E)
                  000133a6    00000002     --HOLE-- [fill = 0]
                  000133a8    00000006                   : BIOS.obj (.text:ti_sysbios_gates_GateHwi_leave__E)
                  000133ae    00000002     --HOLE-- [fill = 0]
                  000133b0    00000006                   : BIOS.obj (.text:ti_sysbios_heaps_HeapMem_isBlocking__E)
                  000133b6    00000002     --HOLE-- [fill = 0]
                  000133b8    00000006                   : BIOS.obj (.text:ti_sysbios_knl_Queue_Instance_init__E)
                  000133be    00000002     --HOLE-- [fill = 0]
[...]
000155bc  ti_sysbios_knl_Semaphore_Object__PARAMS__C                           
000155e0  xdc_runtime_Startup_sfxnTab__A                                       
00015604  ti_sysbios_family_arm_m3_Hwi_Object__DESC__C                         
00015624  ti_sysbios_gates_GateHwi_Object__DESC__C                             
00015644  ti_sysbios_gates_GateMutex_Object__DESC__C                           
00015664  ti_sysbios_heaps_HeapMem_Object__DESC__C                             
00015684  ti_sysbios_knl_Clock_Object__DESC__C                                 
000156a4  ti_sysbios_knl_Queue_Object__DESC__C                                 
000156c4  ti_sysbios_knl_Semaphore_Object__DESC__C                             
000156e4  ti_sysbios_knl_Swi_Object__DESC__C                                   
00015704  ti_sysbios_knl_Task_Object__DESC__C                                  
00015724  EMAC_config                                                          
00015754  ti_sysbios_gates_GateHwi_Object__PARAMS__C                           
0001576c  ti_sysbios_gates_GateMutex_Object__PARAMS__C                         
00015784  ti_sysbios_knl_Queue_Object__PARAMS__C                               
0001579c  ti_sysbios_knl_Task_hooks__A                                         
000157b4  GPIOTiva_config                                                      
000157c8  xdc_runtime_Startup_firstFxns__A                                     
000157dc  xdc_runtime_Startup_sfxnRts__A                                       
000157ee  ti_sysbios_hal_Hwi_Module__id__C                                     
000157f0  emacHWAttrs                                                          
00015808  EMACSnow_fxnTable                                                    
00015810  ti_sysbios_family_arm_m3_Hwi_excHookFuncs__A                         
00015818  ti_sysbios_knl_Idle_funcList__A                                      
00015820  ti_sysbios_knl_Idle_funcList__C                                      
00015828  ti_sysbios_knl_Task_hooks__C                                         
00015830  xdc_runtime_Startup_firstFxns__C                                     
00015838  xdc_runtime_Startup_lastFxns__C                                      
00015840  ti_catalog_arm_cortexm4_tiva_ce_Boot_A_mustNotUseEnhancedClockMode__C
00015844  ti_catalog_arm_cortexm4_tiva_ce_Boot_Module__diagsEnabled__C         
00015848  ti_catalog_arm_cortexm4_tiva_ce_Boot_Module__diagsIncluded__C        
0001584c  ti_catalog_arm_cortexm4_tiva_ce_Boot_Module__diagsMask__C            
00015850  ti_sysbios_family_arm_lm4_Timer_enableFunc__C                        
00015854  ti_sysbios_family_arm_lm4_Timer_numTimerDevices__C                   
00015858  ti_sysbios_family_arm_lm4_Timer_startupNeeded__C                     
0001585c  ti_sysbios_family_arm_m3_Hwi_E_NMI__C                                
00015860  ti_sysbios_family_arm_m3_Hwi_E_alreadyDefined__C                     
00015864  ti_sysbios_family_arm_m3_Hwi_E_busFault__C                           
00015868  ti_sysbios_family_arm_m3_Hwi_E_debugMon__C                           
0001586c  ti_sysbios_family_arm_m3_Hwi_E_hardFault__C                          
00015870  ti_sysbios_family_arm_m3_Hwi_E_memFault__C                           
00015874  ti_sysbios_family_arm_m3_Hwi_E_noIsr__C                              
00015878  ti_sysbios_family_arm_m3_Hwi_E_reserved__C                           
0001587c  ti_sysbios_family_arm_m3_Hwi_E_svCall__C                             
00015880  ti_sysbios_family_arm_m3_Hwi_E_usageFault__C                         
00015884  ti_sysbios_family_arm_m3_Hwi_NUM_INTERRUPTS__C                       
00015888  ti_sysbios_family_arm_m3_Hwi_Object__count__C                        
0001588c  ti_sysbios_family_arm_m3_Hwi_ccr__C                                  
00015890  ti_sysbios_family_arm_m3_Hwi_excHandlerFunc__C                       
00015894  ti_sysbios_family_arm_m3_Hwi_excHookFuncs__C                         
00015898  ti_sysbios_family_arm_m3_Hwi_nullIsrFunc__C                          
0001589c  ti_sysbios_family_arm_m3_Hwi_priGroup__C                             
000158a0  ti_sysbios_family_arm_m3_TaskSupport_stackAlignment__C               
000158a4  ti_sysbios_gates_GateMutex_Instance_State_sem__O                     
000158a8  ti_sysbios_hal_Hwi_E_stackOverflow__C                                
000158ac  ti_sysbios_heaps_HeapMem_E_memory__C                                 
000158b0  ti_sysbios_heaps_HeapMem_Module__gateObj__C                          
000158b4  ti_sysbios_heaps_HeapMem_Object__count__C                            
000158b8  ti_sysbios_heaps_HeapMem_reqAlign__C                                 
000158bc  ti_sysbios_knl_Clock_Module_State_clockQ__O                          
000158c0  ti_sysbios_knl_Semaphore_Instance_State_pendQ__O                     
000158c4  ti_sysbios_knl_Swi_Object__count__C                                  
000158c8  ti_sysbios_knl_Task_E_deleteNotAllowed__C                            
000158cc  ti_sysbios_knl_Task_E_spOutOfBounds__C                               
000158d0  ti_sysbios_knl_Task_E_stackOverflow__C                               
000158d4  ti_sysbios_knl_Task_Module_State_inactiveQ__O                        
000158d8  ti_sysbios_knl_Task_Module_State_terminatedQ__O                      
000158dc  ti_sysbios_knl_Task_Object__count__C                                 
000158e0  ti_sysbios_knl_Task_Object__heap__C                                  
000158e4  ti_sysbios_knl_Task_allBlockedFunc__C                                
000158e8  ti_sysbios_knl_Task_defaultStackHeap__C                              
000158ec  ti_sysbios_knl_Task_defaultStackSize__C                              
000158f0  ti_sysbios_knl_Task_numConstructedTasks__C                           
000158f4  xdc_runtime_Assert_E_assertFailed__C                                 
000158f8  xdc_runtime_Core_A_initializedParams__C                              
000158fc  xdc_runtime_Core_Module__diagsEnabled__C                             
00015900  xdc_runtime_Core_Module__diagsIncluded__C                            
00015904  xdc_runtime_Core_Module__diagsMask__C                                
00015908  xdc_runtime_Error_E_memory__C                                        
0001590c  xdc_runtime_Error_Module__diagsEnabled__C                            
00015910  xdc_runtime_Error_Module__diagsIncluded__C                           
00015914  xdc_runtime_Error_Module__diagsMask__C                               
00015918  xdc_runtime_Error_Module__loggerFxn8__C                              
0001591c  xdc_runtime_Error_Module__loggerObj__C                               
00015920  xdc_runtime_Error_policyFxn__C                                       
00015924  xdc_runtime_Error_raiseHook__C                                       
00015928  xdc_runtime_IGateProvider_Interface__BASE__C                         
0001592c  xdc_runtime_IHeap_Interface__BASE__C                                 
00015930  xdc_runtime_IModule_Interface__BASE__C                               
00015934  xdc_runtime_Log_L_error__C                                           
00015938  xdc_runtime_Memory_defaultHeapInstance__C                            
0001593c  xdc_runtime_Startup_execImpl__C                                      
00015940  xdc_runtime_Startup_maxPasses__C                                     
00015944  xdc_runtime_Startup_sfxnRts__C                                       
00015948  xdc_runtime_Startup_sfxnTab__C                                       
0001594c  xdc_runtime_SysMin_bufSize__C                                        
00015950  xdc_runtime_SysMin_outputFunc__C                                     
00015954  xdc_runtime_System_Module__gateObj__C                                
00015958  xdc_runtime_System_abortFxn__C                                       
0001595c  xdc_runtime_System_exitFxn__C                                        
00015960  xdc_runtime_System_extendFxn__C                                      
00015964  xdc_runtime_System_maxAtexitHandlers__C                              
00015968  xdc_runtime_Text_charTab__C                                          
0001596c  xdc_runtime_Text_nameEmpty__C                                        
00015970  xdc_runtime_Text_nameStatic__C                                       
00015974  xdc_runtime_Text_nameUnknown__C                                      
00015978  xdc_runtime_Text_nodeTab__C                                          
0001597c  xdc_runtime_Text_visitRopeFxn__C                                     
00015980  ti_sysbios_heaps_HeapMem_Module__id__C                               
00015982  ti_sysbios_knl_Task_Module__id__C                                    
00015984  xdc_runtime_Core_Module__id__C                                       
00015986  xdc_runtime_Error_Module__loggerDefined__C                           
00015988  xdc_runtime_Error_maxDepth__C                                        
0001598a  xdc_runtime_Memory_Module__id__C                                     
0001598c  xdc_runtime_SysMin_flushAtExit__C                                    
0001598e  xdc_runtime_Text_charCnt__C                                          
00015990  xdc_runtime_Text_isLoaded__C                                         
00015992  xdc_runtime_Text_registryModsLastId__C                               
00015994  xdc_runtime_Text_unnamedModsLastId__C                                
00015996  xdc_runtime_Error_policy__C                                          
00015998  __TI_static_base__                                                   
00015d6c  __TI_Handler_Table_Base                                              
00015d78  __TI_Handler_Table_Limit                                             
00015d88  __TI_CINIT_Base                                                      
00015da0  __TI_CINIT_Limit                                                     
20000000  __start___llvm_prf_cnts                                              
20000000  __stop___llvm_prf_cnts                                               
20000000  ti_sysbios_family_arm_m3_Hwi_ramVectors                              
20000380  ti_ndk_config_Global_pit                                             
20000498  ti_ndk_config_Global_pitBuffer                                       
2000cc98  ti_sysbios_heaps_HeapMem_Instance_State_0_buf__A                     
20014c98  ips                                                                  
20014d00  ti_ndk_config_Global_pBufMem                                         
20018900  ti_ndk_config_Global_pHdrMem                                         
20018bf8  ti_sysbios_knl_Task_Instance_State_0_stack__A                        
200191f8  ti_sysbios_knl_Task_Instance_State_1_stack__A                        
200193f8  ti_sysbios_family_arm_m3_Hwi_dispatchTable                           
20019758  __CIOBUF_                                                            
20019978  tcps                                                                 
20019c94  xdc_runtime_SysMin_Module_State_0_outbuf__A                          
20019d14  nimu_mcb                                                             
20019d78  timeMessage                                                          
20019ddc  _ICMPIn                                                              
20019e28  _ICMPOut                                                             
20019eb4  vlan_mcb                                                             
20019f00  udps                                                                 
20019f40  BlockCount                                                           
20019f5c  BlockMax                                                             
20019f78  PageCount                                                            
20019f94  PageMax                                                              
20019fb0  stkEvent                                                             
20019fec  raweths                                                              
20019ffc  raws                                                                 
2001a00c  PBMQ_free                                                            
2001a018  tpseudo                                                              
2001a024  upseudo                                                              
2001a030  emacObjects                                                          
2001a038  parmbuf                                                              
2001a068  _IGMPInDiscard                                                       
2001a06c  _IGMPInQuery                                                         
2001a070  _IGMPInQueryGroup                                                    
2001a074  _IGMPInResponse                                                      
2001a078  _IGMPOutResponse                                                     
2001a07c  day                                                                  
2001a080  g_ulStatus                                                           
2001a094  hour                                                                 
2001a098  minute                                                               
2001a09c  raweth_pcb                                                           
2001a0a0  second                                                               
2001a0a4  ti_sysbios_knl_Task_Instance_State_0_hookEnv__A                      
2001a0a8  ti_sysbios_knl_Task_Instance_State_1_hookEnv__A                      
2001a0ac  year                                                                 
2001a0b0  _ipcfg                                                               
2001a164  ti_sysbios_knl_Task_Object__table__V                                 
2001a1fc  ti_sysbios_family_arm_lm4_Timer_Object__table__V                     
2001a27c  ti_sysbios_knl_Swi_Module_State_0_readyQ__A                          
2001a2fc  ti_sysbios_knl_Task_Module_State_0_readyQ__A                         
2001a37c  ti_sysbios_knl_Swi_Object__table__V                                  
2001a42a  ti_sysbios_family_arm_m3_Hwi_Module_State_0_excActive__A             
2001a42c  ti_sysbios_knl_Task_Module__state__V                                 
2001a4f0  ti_sysbios_family_arm_lm4_Timer_Module_State_0_device__A             
2001a530  ti_sysbios_gates_GateMutex_Object__table__V                          
2001a59c  ti_sysbios_family_arm_m3_Hwi_Module__state__V                        
2001a5d0  enablePrefetch                                                       
2001a5d4  phyCounter                                                           
2001a602  xdc_runtime_Error_Module__state__V                                   
2001a634  ti_sysbios_family_arm_m3_Hwi_Object__table__V                        
2001a664  ti_sysbios_knl_Clock_Module__state__V                                
2001a690  pstrMsgName                                                          
2001a6b8  _oscfg                                                               
2001a700  PITCount                                                             
2001a704  PITUsed                                                              
2001a708  PITHigh                                                              
2001a724  ti_sysbios_BIOS_Module__state__V                                     
2001a748  ti_sysbios_family_arm_lm4_Timer_Module_State_0_handles__A            
2001a784  ti_ndk_config_Global_Id2Size                                         
2001a7a0  ti_sysbios_knl_Swi_Module__state__V                                  
2001a804  ti_sysbios_heaps_HeapMem_Object__table__V                            
2001a858  ti_sysbios_knl_Semaphore_Object__table__V                            
2001a86c  _tz                                                                  
2001a87c  gpioPinConfigs                                                       
2001a894  _IGMPForceVersion1                                                   
2001a89c  ti_sysbios_family_arm_lm4_Timer_Module__state__V                     
2001a8a8  xdc_runtime_SysMin_Module__state__V                                  
2001a8c0  _lock                                                                
2001a8c4  _unlock                                                              
2001a8c8  NIMUDeviceTable                                                      
2001a8d0  gpioCallbackFunctions                                                
2001a8d8  ti_ndk_config_Global_HostName                                        
2001a8dc  __xdc__init__addr                                                    
2001a8f0  _ICMPInErrors                                                        
2001a8f4  _ICMPOutErrors                                                       
2001a8f8  _IPExecuting                                                         
2001a910  tcp_iss                                                              
2001a914  ptTimeFirst                                                          
2001a920  ti_sysbios_family_arm_m3_Hwi_Module__root__V                         
2001a928  ti_sysbios_gates_GateHwi_Module__root__V                             
2001a930  ti_sysbios_gates_GateMutex_Module__root__V                           
2001a938  ti_sysbios_hal_Timer_Object__table__V                                
2001a940  ti_sysbios_heaps_HeapMem_Module__root__V                             
2001a948  ti_sysbios_knl_Clock_Module__root__V                                 
2001a950  ti_sysbios_knl_Queue_Module__root__V                                 
2001a958  ti_sysbios_knl_Semaphore_Module__root__V                             
2001a960  ti_sysbios_knl_Swi_Module__root__V                                   
2001a968  ti_sysbios_knl_Task_Module__root__V                                  
2001a970  xdc_runtime_Registry_Module__state__V                                
2001a978  xdc_runtime_Startup_Module__state__V                                 
2001a980  xdc_runtime_System_Module_State_0_atexitHandlers__A                  
2001a988  xdc_runtime_System_Module__state__V                                  
2001a990  macAddress                                                           
2001a9b0  errno                                                                
2001a9b4  main_func_sp                                                         
2001a9c0  _IPReasmPtr                                                          
2001a9d0  ti_sysbios_family_arm_m3_Hwi_Module_State_0_excContext__A            
2001a9d4  ti_sysbios_family_arm_m3_Hwi_Module_State_0_excStack__A              
2001a9d8  ti_sysbios_gates_GateHwi_Object__table__V                            
2001a9dc  ti_sysbios_knl_Task_Module_State_0_idleTask__A                       
2001a9e0  xdc_runtime_Memory_Module__state__V                                  
2001a9e8  __stack                                                              
2001b1e8  __STACK_END                                                          
e000e000  ti_sysbios_family_arm_m3_Hwi_nvic                                    
ffffffff  __TI_pprof_out_hndl                                                  
ffffffff  __TI_prof_data_size                                                  
ffffffff  __TI_prof_data_start                                                 
ffffffff  __binit__                                                            
ffffffff  __c_args__                                                           
ffffffff  binit                                                                
UNDEFED   SHT$$INIT_ARRAY$$Base                                                
UNDEFED   SHT$$INIT_ARRAY$$Limit                                               

[1032 symbols]
